Component: ARM Compiler 5.06 update 7 (build 960) Tool: armlink [4d3601]

==============================================================================

Section Cross References

    main.o(i.advertising_init) refers to memseta.o(.text) for __aeabi_memclr4
    main.o(i.advertising_init) refers to ble_advertising.o(i.ble_advertising_init) for ble_advertising_init
    main.o(i.advertising_init) refers to app_error.o(i.app_error_handler_bare) for app_error_handler_bare
    main.o(i.advertising_init) refers to ble_advertising.o(i.ble_advertising_conn_cfg_tag_set) for ble_advertising_conn_cfg_tag_set
    main.o(i.advertising_init) refers to main.o(.data) for .data
    main.o(i.advertising_init) refers to main.o(i.on_adv_evt) for on_adv_evt
    main.o(i.assert_nrf_callback) refers to app_error.o(i.app_error_handler) for app_error_handler
    main.o(i.ble_evt_dispatch) refers to ble_conn_params.o(i.ble_conn_params_on_ble_evt) for ble_conn_params_on_ble_evt
    main.o(i.ble_evt_dispatch) refers to nrf_ble_gatt.o(i.nrf_ble_gatt_on_ble_evt) for nrf_ble_gatt_on_ble_evt
    main.o(i.ble_evt_dispatch) refers to ble_nus.o(i.ble_nus_on_ble_evt) for ble_nus_on_ble_evt
    main.o(i.ble_evt_dispatch) refers to main.o(i.on_ble_evt) for on_ble_evt
    main.o(i.ble_evt_dispatch) refers to ble_advertising.o(i.ble_advertising_on_ble_evt) for ble_advertising_on_ble_evt
    main.o(i.ble_evt_dispatch) refers to bsp_btn_ble.o(i.bsp_btn_ble_on_ble_evt) for bsp_btn_ble_on_ble_evt
    main.o(i.ble_evt_dispatch) refers to main.o(.bss) for .bss
    main.o(i.ble_init) refers to main.o(i.ble_stack_init) for ble_stack_init
    main.o(i.ble_init) refers to app_error.o(i.app_error_handler_bare) for app_error_handler_bare
    main.o(i.ble_init) refers to main.o(i.gatt_init) for gatt_init
    main.o(i.ble_init) refers to ble_nus.o(i.ble_nus_init) for ble_nus_init
    main.o(i.ble_init) refers to main.o(i.advertising_init) for advertising_init
    main.o(i.ble_init) refers to memseta.o(.text) for __aeabi_memclr4
    main.o(i.ble_init) refers to ble_conn_params.o(i.ble_conn_params_init) for ble_conn_params_init
    main.o(i.ble_init) refers to ble_advertising.o(i.ble_advertising_start) for ble_advertising_start
    main.o(i.ble_init) refers to main.o(i.nus_data_handler) for nus_data_handler
    main.o(i.ble_init) refers to main.o(.bss) for .bss
    main.o(i.ble_init) refers to main.o(i.on_conn_params_evt) for on_conn_params_evt
    main.o(i.ble_init) refers to main.o(i.conn_params_error_handler) for conn_params_error_handler
    main.o(i.ble_stack_init) refers to softdevice_handler.o(i.softdevice_handler_init) for softdevice_handler_init
    main.o(i.ble_stack_init) refers to app_error.o(i.app_error_handler_bare) for app_error_handler_bare
    main.o(i.ble_stack_init) refers to softdevice_handler.o(i.softdevice_app_ram_start_get) for softdevice_app_ram_start_get
    main.o(i.ble_stack_init) refers to softdevice_handler.o(i.softdevice_enable) for softdevice_enable
    main.o(i.ble_stack_init) refers to softdevice_handler.o(i.softdevice_ble_evt_handler_set) for softdevice_ble_evt_handler_set
    main.o(i.ble_stack_init) refers to main.o(.constdata) for .constdata
    main.o(i.ble_stack_init) refers to main.o(.bss) for .bss
    main.o(i.ble_stack_init) refers to main.o(i.ble_evt_dispatch) for ble_evt_dispatch
    main.o(i.bsp_event_handler) refers to main.o(i.sleep_mode_enter) for sleep_mode_enter
    main.o(i.bsp_event_handler) refers to app_error.o(i.app_error_handler_bare) for app_error_handler_bare
    main.o(i.bsp_event_handler) refers to ble_advertising.o(i.ble_advertising_restart_without_whitelist) for ble_advertising_restart_without_whitelist
    main.o(i.bsp_event_handler) refers to main.o(.data) for .data
    main.o(i.conn_params_error_handler) refers to app_error.o(i.app_error_handler_bare) for app_error_handler_bare
    main.o(i.gatt_evt_handler) refers to main.o(.data) for .data
    main.o(i.gatt_init) refers to nrf_ble_gatt.o(i.nrf_ble_gatt_init) for nrf_ble_gatt_init
    main.o(i.gatt_init) refers to app_error.o(i.app_error_handler_bare) for app_error_handler_bare
    main.o(i.gatt_init) refers to nrf_ble_gatt.o(i.nrf_ble_gatt_att_mtu_periph_set) for nrf_ble_gatt_att_mtu_periph_set
    main.o(i.gatt_init) refers to main.o(i.gatt_evt_handler) for gatt_evt_handler
    main.o(i.gatt_init) refers to main.o(.bss) for .bss
    main.o(i.main) refers to app_timer.o(i.app_timer_init) for app_timer_init
    main.o(i.main) refers to app_error.o(i.app_error_handler_bare) for app_error_handler_bare
    main.o(i.main) refers to memcpya.o(.text) for __aeabi_memcpy4
    main.o(i.main) refers to app_uart_fifo.o(i.app_uart_init) for app_uart_init
    main.o(i.main) refers to bsp.o(i.bsp_init) for bsp_init
    main.o(i.main) refers to bsp_btn_ble.o(i.bsp_btn_ble_init) for bsp_btn_ble_init
    main.o(i.main) refers to main.o(i.ble_init) for ble_init
    main.o(i.main) refers to bno080.o(i.nrf_drv_bno_init) for nrf_drv_bno_init
[...]
    .constdata                               0x000258c4   Section       93  main.o(.constdata)
    user_config                              0x000258c4   Data           4  main.o(.constdata)
    m_timer                                  0x000258cc   Data           8  main.o(.constdata)
    .constdata                               0x00025924   Section       24  bno080.o(.constdata)
    m_twi_instance_0                         0x00025924   Data           8  bno080.o(.constdata)
    .constdata                               0x0002593c   Section        8  boards.o(.constdata)
    m_board_led_list                         0x0002593c   Data           4  boards.o(.constdata)
    m_board_btn_list                         0x00025940   Data           4  boards.o(.constdata)
    .constdata                               0x00025944   Section       44  bsp.o(.constdata)
    m_leds_timer_id                          0x00025944   Data           4  bsp.o(.constdata)
    m_alert_timer_id                         0x00025948   Data           4  bsp.o(.constdata)
    m_button_timer_id                        0x0002594c   Data           4  bsp.o(.constdata)
    app_buttons                              0x00025950   Data          32  bsp.o(.constdata)
    .constdata                               0x00025970   Section        4  ble_conn_params.o(.constdata)
    m_conn_params_timer_id                   0x00025970   Data           4  ble_conn_params.o(.constdata)
    .constdata                               0x00025974   Section       22  nrf_ble_gatt.o(.constdata)
    .constdata                               0x0002598c   Section       16  ble_nus.o(.constdata)
    .constdata                               0x0002599c   Section        4  nrf_drv_gpiote.o(.constdata)
    .constdata                               0x000259a0   Section        4  nrf_drv_saadc.o(.constdata)
    m_default_config                         0x000259a0   Data           4  nrf_drv_saadc.o(.constdata)
    .constdata                               0x000259a4   Section       12  nrf_drv_twi.o(.constdata)
    .constdata                               0x000259b0   Section        8  app_button.o(.constdata)
    m_detection_delay_timer_id               0x000259b0   Data           4  app_button.o(.constdata)
    .constdata                               0x000259b8   Section       32  app_uart_fifo.o(.constdata)
    .constdata                               0x000259d8   Section      136  pow.o(.constdata)
    bp                                       0x000259d8   Data          16  pow.o(.constdata)
    dp_h                                     0x000259e8   Data          16  pow.o(.constdata)
    dp_l                                     0x000259f8   Data          16  pow.o(.constdata)
    L                                        0x00025a08   Data          48  pow.o(.constdata)
    P                                        0x00025a38   Data          40  pow.o(.constdata)
    .constdata                               0x00025a60   Section        8  qnan.o(.constdata)
    .conststring                             0x00025a68   Section      390  nrf_ble_gatt.o(.conststring)
    .data                                    0x200025f8   Section       60  main.o(.data)
    cur_mux_input                            0x200025f8   Data           1  main.o(.data)
    max_mux_inputs                           0x200025f9   Data           1  main.o(.data)
    index                                    0x200025fa   Data           1  main.o(.data)
    m_ppi_channel                            0x200025fb   Data           1  main.o(.data)
    m_conn_handle                            0x200025fc   Data           2  main.o(.data)
    m_ble_nus_max_data_len                   0x200025fe   Data           2  main.o(.data)
    m_adv_uuids                              0x20002610   Data           4  main.o(.data)
    .data                                    0x20002634   Section        6  bno080.o(.data)
    twi_tx_done                              0x20002634   Data           1  bno080.o(.data)
    twi_rx_done                              0x20002635   Data           1  bno080.o(.data)
    .data                                    0x2000263c   Section       16  bsp.o(.data)
    m_stable_state                           0x2000263c   Data           1  bsp.o(.data)
    m_leds_clear                             0x2000263d   Data           1  bsp.o(.data)
    m_alert_on                               0x2000263e   Data           1  bsp.o(.data)
    current_long_push_pin_no                 0x2000263f   Data           1  bsp.o(.data)
    m_indication_type                        0x20002640   Data           4  bsp.o(.data)
    m_registered_callback                    0x20002644   Data           4  bsp.o(.data)
    release_event_at_push                    0x20002648   Data           4  bsp.o(.data)
    .data                                    0x2000264c   Section        8  bsp_btn_ble.o(.data)
    m_error_handler                          0x2000264c   Data           4  bsp_btn_ble.o(.data)
    m_num_connections                        0x20002650   Data           4  bsp_btn_ble.o(.data)
    .data                                    0x20002654   Section       31  ble_advertising.o(.data)
    m_initialized                            0x20002654   Data           1  ble_advertising.o(.data)
    m_advertising_start_pending              0x20002655   Data           1  ble_advertising.o(.data)
    m_adv_evt                                0x20002656   Data           1  ble_advertising.o(.data)
    m_adv_mode_current                       0x20002657   Data           1  ble_advertising.o(.data)
    m_conn_cfg_tag                           0x20002658   Data           1  ble_advertising.o(.data)
    m_peer_addr_reply_expected               0x20002659   Data           1  ble_advertising.o(.data)
    m_whitelist_temporarily_disabled         0x2000265a   Data           1  ble_advertising.o(.data)
    m_whitelist_reply_expected               0x2000265b   Data           1  ble_advertising.o(.data)
    m_whitelist_in_use                       0x2000265c   Data           1  ble_advertising.o(.data)
    m_current_slave_link_conn_handle         0x2000265e   Data           2  ble_advertising.o(.data)
    m_slave_conn_int                         0x20002660   Data           4  ble_advertising.o(.data)
    m_evt_handler                            0x20002664   Data           4  ble_advertising.o(.data)
    m_error_handler                          0x20002668   Data           4  ble_advertising.o(.data)
    m_peer_address                           0x2000266c   Data           7  ble_advertising.o(.data)
    .data                                    0x20002674   Section       20  ble_conn_params.o(.data)
    m_change_param                           0x20002674   Data           1  ble_conn_params.o(.data)
    m_update_count                           0x20002675   Data           1  ble_conn_params.o(.data)
    m_conn_handle                            0x20002676   Data           2  ble_conn_params.o(.data)
    m_preferred_conn_params                  0x20002678   Data           8  ble_conn_params.o(.data)
    m_current_conn_params                    0x20002680   Data           8  ble_conn_params.o(.data)
    .data                                    0x20002688   Section        8  nrf_drv_ppi.o(.data)
    m_drv_state                              0x20002688   Data           1  nrf_drv_ppi.o(.data)
    m_groups_allocated                       0x20002689   Data           1  nrf_drv_ppi.o(.data)
    m_channels_allocated                     0x2000268c   Data           4  nrf_drv_ppi.o(.data)
    .data                                    0x20002690   Section       20  app_button.o(.data)
    m_button_count                           0x20002690   Data           1  app_button.o(.data)
    mp_buttons                               0x20002694   Data           4  app_button.o(.data)
    m_detection_delay                        0x20002698   Data           4  app_button.o(.data)
    m_pin_state                              0x2000269c   Data           4  app_button.o(.data)
    m_pin_transition                         0x200026a0   Data           4  app_button.o(.data)
    .data                                    0x200026a4   Section       20  app_timer.o(.data)
    m_ticks_elapsed_q_read_ind               0x200026a4   Data           1  app_timer.o(.data)
    m_ticks_elapsed_q_write_ind              0x200026a5   Data           1  app_timer.o(.data)
    m_rtc1_running                           0x200026a6   Data           1  app_timer.o(.data)
    m_rtc1_reset                             0x200026a7   Data           1  app_timer.o(.data)
    mp_timer_id_head                         0x200026a8   Data           4  app_timer.o(.data)
    m_ticks_latest                           0x200026ac   Data           4  app_timer.o(.data)
    m_ticks_elapsed                          0x200026b0   Data           8  app_timer.o(.data)
    .data                                    0x200026b8   Section       16  app_uart_fifo.o(.data)
    tx_buffer                                0x200026b8   Data           1  app_uart_fifo.o(.data)
    rx_buffer                                0x200026b9   Data           1  app_uart_fifo.o(.data)
    m_rx_ovf                                 0x200026ba   Data           1  app_uart_fifo.o(.data)
    m_event_handler                          0x200026bc   Data           4  app_uart_fifo.o(.data)
    app_uart_inst                            0x200026c0   Data           8  app_uart_fifo.o(.data)
    .data                                    0x200026c8   Section       20  softdevice_handler.o(.data)
    m_softdevice_enabled                     0x200026c8   Data           1  softdevice_handler.o(.data)
    m_suspended                              0x200026c9   Data           1  softdevice_handler.o(.data)
    m_ble_evt_buffer_size                    0x200026ca   Data           2  softdevice_handler.o(.data)
    m_evt_schedule_func                      0x200026cc   Data           4  softdevice_handler.o(.data)
    m_sys_evt_handler                        0x200026d0   Data           4  softdevice_handler.o(.data)
    mp_ble_evt_buffer                        0x200026d4   Data           4  softdevice_handler.o(.data)
    m_ble_evt_handler                        0x200026d8   Data           4  softdevice_handler.o(.data)
    .data                                    0x200026dc   Section        4  system_nrf52.o(.data)
    __tagsym$$used                           0x200026dc   Number         0  system_nrf52.o(.data)
    .data                                    0x200026e0   Section        4  errno.o(.data)
    _errno                                   0x200026e0   Data           4  errno.o(.data)
    .bss                                     0x200026e4   Section     2040  main.o(.bss)
    BLE_EVT_BUFFER                           0x200026e4   Data         216  main.o(.bss)
    data_array                               0x200027bc   Data         155  main.o(.bss)
    rx_buf                                   0x20002857   Data         256  main.o(.bss)
    tx_buf                                   0x20002957   Data         256  main.o(.bss)
    m_nus                                    0x20002a58   Data          28  main.o(.bss)
    m_gatt                                   0x20002a74   Data          28  main.o(.bss)
    m_buffer_pool                            0x20002ab8   Data          12  main.o(.bss)
    .bss                                     0x20002edc   Section       32  bsp.o(.bss)
    m_leds_timer_id_data                     0x20002edc   Data          32  bsp.o(.bss)
    .bss                                     0x20002efc   Section       32  bsp.o(.bss)
    m_alert_timer_id_data                    0x20002efc   Data          32  bsp.o(.bss)
    .bss                                     0x20002f1c   Section       12  bsp.o(.bss)
    m_events_list                            0x20002f1c   Data          12  bsp.o(.bss)
    .bss                                     0x20002f28   Section       32  bsp.o(.bss)
    m_button_timer_id_data                   0x20002f28   Data          32  bsp.o(.bss)
    .bss                                     0x20002f48   Section      179  ble_advertising.o(.bss)
    m_adv_modes_config                       0x20002f48   Data          32  ble_advertising.o(.bss)
    m_advdata                                0x20002f68   Data          60  ble_advertising.o(.bss)
    m_manuf_specific_data                    0x20002fa4   Data          12  ble_advertising.o(.bss)
    m_manuf_data_array                       0x20002fb0   Data          31  ble_advertising.o(.bss)
    m_service_data                           0x20002fd0   Data          12  ble_advertising.o(.bss)
    m_service_data_array                     0x20002fdc   Data          31  ble_advertising.o(.bss)
    .bss                                     0x20002ffc   Section       32  ble_conn_params.o(.bss)
    m_conn_params_timer_id_data              0x20002ffc   Data          32  ble_conn_params.o(.bss)
    .bss                                     0x2000301c   Section       28  ble_conn_params.o(.bss)
    m_conn_params_config                     0x2000301c   Data          28  ble_conn_params.o(.bss)
    .bss                                     0x20003038   Section       20  nrf_drv_clock.o(.bss)
    m_clock_cb                               0x20003038   Data          20  nrf_drv_clock.o(.bss)
    .bss                                     0x2000304c   Section       88  nrf_drv_gpiote.o(.bss)
    m_cb                                     0x2000304c   Data          88  nrf_drv_gpiote.o(.bss)
    .bss                                     0x200030a4   Section       32  nrf_drv_uart.o(.bss)
    m_cb                                     0x200030a4   Data          32  nrf_drv_uart.o(.bss)
    .bss                                     0x200030c4   Section       12  nrf_drv_timer.o(.bss)
    m_cb                                     0x200030c4   Data          12  nrf_drv_timer.o(.bss)
    .bss                                     0x200030d0   Section       48  nrf_drv_saadc.o(.bss)
    m_cb                                     0x200030d0   Data          48  nrf_drv_saadc.o(.bss)
    .bss                                     0x20003100   Section       80  nrf_drv_twi.o(.bss)
    m_cb                                     0x20003100   Data          80  nrf_drv_twi.o(.bss)
    .bss                                     0x20003150   Section       32  app_button.o(.bss)
    m_detection_delay_timer_id_data          0x20003150   Data          32  app_button.o(.bss)
    .bss                                     0x20003170   Section      268  app_timer.o(.bss)
    m_op_queue                               0x20003170   Data         268  app_timer.o(.bss)
    .bss                                     0x2000327c   Section       32  app_uart_fifo.o(.bss)
    m_rx_fifo                                0x2000327c   Data          16  app_uart_fifo.o(.bss)
    m_tx_fifo                                0x2000328c   Data          16  app_uart_fifo.o(.bss)
    .bss                                     0x2000329c   Section       12  app_util_platform.o(.bss)
    .bss                                     0x200032a8   Section      104  fstorage.o(.bss)
    m_queue                                  0x200032a8   Data         104  fstorage.o(.bss)
    .bss                                     0x20003310   Section       28  nrf_log_frontend.o(.bss)
    m_log_data                               0x20003310   Data          28  nrf_log_frontend.o(.bss)
    STACK                                    0x20003330   Section     4096  arm_startup_nrf52.o(STACK)

    Global Symbols

    Symbol Name                              Value     Ov Type        Size  Object(Section)

    BuildAttributes$$THM_ISAv4$E$P$D$K$B$S$7EM$VFPi3$EXTD16$VFPS$VFMA$PE$A:L22UL41UL21$X:L11$S22US41US21$IEEE1$IW$USESV6$~STKCKD$USESV7$~SHL$OTIME$ROPI$IEEEX$EBA8$MICROLIB$REQ8$PRES8$EABIv2 0x00000000   Number         0  anon$$obj.o ABSOLUTE
    __ARM_use_no_argv                        0x00000000   Number         0  main.o ABSOLUTE
    _printf_a                                0x00000000   Number         0  stubs.o ABSOLUTE
    _printf_c                                0x00000000   Number         0  stubs.o ABSOLUTE
    _printf_charcount                        0x00000000   Number         0  stubs.o ABSOLUTE
    _printf_d                                0x00000000   Number         0  stubs.o ABSOLUTE
    _printf_e                                0x00000000   Number         0  stubs.o ABSOLUTE
    _printf_f                                0x00000000   Number         0  stubs.o ABSOLUTE
    _printf_flags                            0x00000000   Number         0  stubs.o ABSOLUTE
    _printf_fp_dec                           0x00000000   Number         0  stubs.o ABSOLUTE
    _printf_fp_hex                           0x00000000   Number         0  stubs.o ABSOLUTE
    _printf_g                                0x00000000   Number         0  stubs.o ABSOLUTE
    _printf_i                                0x00000000   Number         0  stubs.o ABSOLUTE
    _printf_int_dec                          0x00000000   Number         0  stubs.o ABSOLUTE
    _printf_l                                0x00000000   Number         0  stubs.o ABSOLUTE
    _printf_lc                               0x00000000   Number         0  stubs.o ABSOLUTE
    _printf_ll                               0x00000000   Number         0  stubs.o ABSOLUTE
    _printf_lld                              0x00000000   Number         0  stubs.o ABSOLUTE
    _printf_lli                              0x00000000   Number         0  stubs.o ABSOLUTE
    _printf_llo                              0x00000000   Number         0  stubs.o ABSOLUTE
    _printf_llu                              0x00000000   Number         0  stubs.o ABSOLUTE
    _printf_llx                              0x00000000   Number         0  stubs.o ABSOLUTE
    _printf_longlong_dec                     0x00000000   Number         0  stubs.o ABSOLUTE
    _printf_longlong_hex                     0x00000000   Number         0  stubs.o ABSOLUTE
    _printf_longlong_oct                     0x00000000   Number         0  stubs.o ABSOLUTE
    _printf_ls                               0x00000000   Number         0  stubs.o ABSOLUTE
    _printf_mbtowc                           0x00000000   Number         0  stubs.o ABSOLUTE
    _printf_n                                0x00000000   Number         0  stubs.o ABSOLUTE
    _printf_o                                0x00000000   Number         0  stubs.o ABSOLUTE
    _printf_p                                0x00000000   Number         0  stubs.o ABSOLUTE
    _printf_percent                          0x00000000   Number         0  stubs.o ABSOLUTE
    _printf_pre_padding                      0x00000000   Number         0  stubs.o ABSOLUTE
    _printf_return_value                     0x00000000   Number         0  stubs.o ABSOLUTE
    _printf_s                                0x00000000   Number         0  stubs.o ABSOLUTE
    _printf_sizespec                         0x00000000   Number         0  stubs.o ABSOLUTE
    _printf_str                              0x00000000   Number         0  stubs.o ABSOLUTE
    _printf_truncate_signed                  0x00000000   Number         0  stubs.o ABSOLUTE
    _printf_truncate_unsigned                0x00000000   Number         0  stubs.o ABSOLUTE
    _printf_u                                0x00000000   Number         0  stubs.o ABSOLUTE
    _printf_wc                               0x00000000   Number         0  stubs.o ABSOLUTE
    _printf_wctomb                           0x00000000   Number         0  stubs.o ABSOLUTE
    _printf_widthprec                        0x00000000   Number         0  stubs.o ABSOLUTE
    _printf_x                                0x00000000   Number         0  stubs.o ABSOLUTE
    __arm_fini_                               - Undefined Weak Reference
    __cpp_initialize__aeabi_                  - Undefined Weak Reference
    __cxa_finalize                            - Undefined Weak Reference
    __decompress                              - Undefined Weak Reference
    _clock_init                               - Undefined Weak Reference
    _microlib_exit                            - Undefined Weak Reference
    fs_data$$Base                             - Undefined Reference
    fs_data$$Limit                            - Undefined Reference
    __Vectors_Size                           0x00000200   Number         0  arm_startup_nrf52.o ABSOLUTE
    __Vectors                                0x0001f000   Data           4  arm_startup_nrf52.o(RESET)
    __Vectors_End                            0x0001f200   Data           0  arm_startup_nrf52.o(RESET)
    __main                                   0x0001f201   Thumb Code     0  entry.o(.ARM.Collect$$$$00000000)
    _main_stk                                0x0001f201   Thumb Code     0  entry2.o(.ARM.Collect$$$$00000001)
    _main_scatterload                        0x0001f205   Thumb Code     0  entry5.o(.ARM.Collect$$$$00000004)
    __main_after_scatterload                 0x0001f209   Thumb Code     0  entry5.o(.ARM.Collect$$$$00000004)
    _main_clock                              0x0001f209   Thumb Code     0  entry7b.o(.ARM.Collect$$$$00000008)
    _main_cpp_init                           0x0001f209   Thumb Code     0  entry8b.o(.ARM.Collect$$$$0000000A)
    _main_init                               0x0001f209   Thumb Code     0  entry9a.o(.ARM.Collect$$$$0000000B)
    __rt_lib_shutdown_fini                   0x0001f211   Thumb Code     0  entry12b.o(.ARM.Collect$$$$0000000E)
    __rt_final_cpp                           0x0001f215   Thumb Code     0  entry10a.o(.ARM.Collect$$$$0000000F)
    __rt_final_exit                          0x0001f215   Thumb Code     0  entry11a.o(.ARM.Collect$$$$00000011)
    Reset_Handler                            0x0001f219   Thumb Code     8  arm_startup_nrf52.o(.text)
    NMI_Handler                              0x0001f221   Thumb Code     2  arm_startup_nrf52.o(.text)
    HardFault_Handler                        0x0001f223   Thumb Code     2  arm_startup_nrf52.o(.text)
    MemoryManagement_Handler                 0x0001f225   Thumb Code     2  arm_startup_nrf52.o(.text)
    BusFault_Handler                         0x0001f227   Thumb Code     2  arm_startup_nrf52.o(.text)
    UsageFault_Handler                       0x0001f229   Thumb Code     2  arm_startup_nrf52.o(.text)
    SVC_Handler                              0x0001f22b   Thumb Code     2  arm_startup_nrf52.o(.text)
    DebugMon_Handler                         0x0001f22d   Thumb Code     2  arm_startup_nrf52.o(.text)
    PendSV_Handler                           0x0001f22f   Thumb Code     2  arm_startup_nrf52.o(.text)
    SysTick_Handler                          0x0001f231   Thumb Code     2  arm_startup_nrf52.o(.text)
    CCM_AAR_IRQHandler                       0x0001f233   Thumb Code     0  arm_startup_nrf52.o(.text)
    COMP_LPCOMP_IRQHandler                   0x0001f233   Thumb Code     0  arm_startup_nrf52.o(.text)
    ECB_IRQHandler                           0x0001f233   Thumb Code     0  arm_startup_nrf52.o(.text)
    FPU_IRQHandler                           0x0001f233   Thumb Code     0  arm_startup_nrf52.o(.text)
    I2S_IRQHandler                           0x0001f233   Thumb Code     0  arm_startup_nrf52.o(.text)
    MWU_IRQHandler                           0x0001f233   Thumb Code     0  arm_startup_nrf52.o(.text)
    NFCT_IRQHandler                          0x0001f233   Thumb Code     0  arm_startup_nrf52.o(.text)
    PDM_IRQHandler                           0x0001f233   Thumb Code     0  arm_startup_nrf52.o(.text)
    PWM0_IRQHandler                          0x0001f233   Thumb Code     0  arm_startup_nrf52.o(.text)
    PWM1_IRQHandler                          0x0001f233   Thumb Code     0  arm_startup_nrf52.o(.text)
    PWM2_IRQHandler                          0x0001f233   Thumb Code     0  arm_startup_nrf52.o(.text)
    QDEC_IRQHandler                          0x0001f233   Thumb Code     0  arm_startup_nrf52.o(.text)
    RADIO_IRQHandler                         0x0001f233   Thumb Code     0  arm_startup_nrf52.o(.text)
    RNG_IRQHandler                           0x0001f233   Thumb Code     0  arm_startup_nrf52.o(.text)
    RTC0_IRQHandler                          0x0001f233   Thumb Code     0  arm_startup_nrf52.o(.text)
    RTC2_IRQHandler                          0x0001f233   Thumb Code     0  arm_startup_nrf52.o(.text)
    SPIM2_SPIS2_SPI2_IRQHandler              0x0001f233   Thumb Code     0  arm_startup_nrf52.o(.text)
    SWI1_EGU1_IRQHandler                     0x0001f233   Thumb Code     0  arm_startup_nrf52.o(.text)
    SWI3_EGU3_IRQHandler                     0x0001f233   Thumb Code     0  arm_startup_nrf52.o(.text)
    SWI4_EGU4_IRQHandler                     0x0001f233   Thumb Code     0  arm_startup_nrf52.o(.text)
    SWI5_EGU5_IRQHandler                     0x0001f233   Thumb Code     0  arm_startup_nrf52.o(.text)
    TEMP_IRQHandler                          0x0001f233   Thumb Code     0  arm_startup_nrf52.o(.text)
    TIMER0_IRQHandler                        0x0001f233   Thumb Code     0  arm_startup_nrf52.o(.text)
    TIMER1_IRQHandler                        0x0001f233   Thumb Code     0  arm_startup_nrf52.o(.text)
    TIMER2_IRQHandler                        0x0001f233   Thumb Code     0  arm_startup_nrf52.o(.text)
    TIMER4_IRQHandler                        0x0001f233   Thumb Code     0  arm_startup_nrf52.o(.text)
    WDT_IRQHandler                           0x0001f233   Thumb Code     0  arm_startup_nrf52.o(.text)
    __aeabi_uldivmod                         0x0001f23d   Thumb Code    98  uldiv.o(.text)
    __aeabi_memcpy                           0x0001f29f   Thumb Code    36  memcpya.o(.text)
    __aeabi_memcpy4                          0x0001f29f   Thumb Code     0  memcpya.o(.text)
    __aeabi_memcpy8                          0x0001f29f   Thumb Code     0  memcpya.o(.text)
    __aeabi_memset                           0x0001f2c3   Thumb Code    14  memseta.o(.text)
    __aeabi_memset4                          0x0001f2c3   Thumb Code     0  memseta.o(.text)
    __aeabi_memset8                          0x0001f2c3   Thumb Code     0  memseta.o(.text)
    __aeabi_memclr                           0x0001f2d1   Thumb Code     4  memseta.o(.text)
    __aeabi_memclr4                          0x0001f2d1   Thumb Code     0  memseta.o(.text)
    __aeabi_memclr8                          0x0001f2d1   Thumb Code     0  memseta.o(.text)
    _memset$wrapper                          0x0001f2d5   Thumb Code    18  memseta.o(.text)
    __aeabi_dmul                             0x0001f2e7   Thumb Code   228  dmul.o(.text)
    __aeabi_i2d                              0x0001f3cb   Thumb Code    34  dflti.o(.text)
    __aeabi_f2d                              0x0001f3ed   Thumb Code    38  f2d.o(.text)
    __aeabi_d2f                              0x0001f413   Thumb Code    56  d2f.o(.text)
    __aeabi_llsl                             0x0001f44b   Thumb Code    30  llshl.o(.text)
    _ll_shift_l                              0x0001f44b   Thumb Code     0  llshl.o(.text)
    __aeabi_llsr                             0x0001f469   Thumb Code    32  llushr.o(.text)
    _ll_ushift_r                             0x0001f469   Thumb Code     0  llushr.o(.text)
    __I$use$fp                               0x0001f489   Thumb Code     0  iusefp.o(.text)
    _float_round                             0x0001f489   Thumb Code    18  fepilogue.o(.text)
    _float_epilogue                          0x0001f49b   Thumb Code    92  fepilogue.o(.text)
    _double_round                            0x0001f4f7   Thumb Code    30  depilogue.o(.text)
    _double_epilogue                         0x0001f515   Thumb Code   156  depilogue.o(.text)
    __aeabi_dadd                             0x0001f5b1   Thumb Code   322  dadd.o(.text)
    __aeabi_dsub                             0x0001f6f3   Thumb Code     6  dadd.o(.text)
    __aeabi_drsub                            0x0001f6f9   Thumb Code     6  dadd.o(.text)
    __aeabi_ddiv                             0x0001f6ff   Thumb Code   222  ddiv.o(.text)
    __ARM_scalbn                             0x0001f7dd   Thumb Code    46  dscalb.o(.text)
    scalbn                                   0x0001f7dd   Thumb Code     0  dscalb.o(.text)
    __aeabi_cdrcmple                         0x0001f80d   Thumb Code    48  cdrcmple.o(.text)
    __scatterload                            0x0001f83d   Thumb Code    28  init.o(.text)
    __scatterload_rt2                        0x0001f83d   Thumb Code     0  init.o(.text)
    __aeabi_lasr                             0x0001f861   Thumb Code    36  llsshr.o(.text)
    _ll_sshift_r                             0x0001f861   Thumb Code     0  llsshr.o(.text)
    _dsqrt                                   0x0001f885   Thumb Code   162  dsqrt.o(.text)
    GPIOTE_IRQHandler                        0x0001f929   Thumb Code   362  nrf_drv_gpiote.o(i.GPIOTE_IRQHandler)
    POWER_CLOCK_IRQHandler                   0x0001fb2d   Thumb Code    84  nrf_drv_clock.o(i.POWER_CLOCK_IRQHandler)
    RTC1_IRQHandler                          0x0001fb85   Thumb Code    32  app_timer.o(i.RTC1_IRQHandler)
    SAADC_IRQHandler                         0x0001fba9   Thumb Code   320  nrf_drv_saadc.o(i.SAADC_IRQHandler)
    SPIM0_SPIS0_TWIM0_TWIS0_SPI0_TWI0_IRQHandler 0x0001fcf1   Thumb Code     8  nrf_drv_twi.o(i.SPIM0_SPIS0_TWIM0_TWIS0_SPI0_TWI0_IRQHandler)
    SPIM1_SPIS1_TWIM1_TWIS1_SPI1_TWI1_IRQHandler 0x0001fd01   Thumb Code    10  nrf_drv_twi.o(i.SPIM1_SPIS1_TWIM1_TWIS1_SPI1_TWI1_IRQHandler)
    SWI0_EGU0_IRQHandler                     0x0001fd11   Thumb Code     4  app_timer.o(i.SWI0_EGU0_IRQHandler)
    SWI2_EGU2_IRQHandler                     0x0001fd15   Thumb Code    32  softdevice_handler.o(i.SWI2_EGU2_IRQHandler)
    SystemInit                               0x0001fd39   Thumb Code   736  system_nrf52.o(i.SystemInit)
    TIMER3_IRQHandler                        0x00020061   Thumb Code    68  nrf_drv_timer.o(i.TIMER3_IRQHandler)
    UARTE0_UART0_IRQHandler                  0x000200ad   Thumb Code    20  nrf_drv_uart.o(i.UARTE0_UART0_IRQHandler)
    __ARM_fpclassify                         0x000200c9   Thumb Code    48  fpclassify.o(i.__ARM_fpclassify)
    __hardfp_pow                             0x000200f9   Thumb Code  3072  pow.o(i.__hardfp_pow)
    __kernel_poly                            0x00020d49   Thumb Code   248  poly.o(i.__kernel_poly)
    __mathlib_dbl_divzero                    0x00020e41   Thumb Code    28  dunder.o(i.__mathlib_dbl_divzero)
    __mathlib_dbl_infnan2                    0x00020e71   Thumb Code    20  dunder.o(i.__mathlib_dbl_infnan2)
    __mathlib_dbl_invalid                    0x00020e89   Thumb Code    24  dunder.o(i.__mathlib_dbl_invalid)
    __mathlib_dbl_overflow                   0x00020ea9   Thumb Code    24  dunder.o(i.__mathlib_dbl_overflow)
    __mathlib_dbl_underflow                  0x00020ec9   Thumb Code    24  dunder.o(i.__mathlib_dbl_underflow)
    __scatterload_copy                       0x00020ee9   Thumb Code    14  handlers.o(i.__scatterload_copy)
    __scatterload_null                       0x00020ef7   Thumb Code     2  handlers.o(i.__scatterload_null)
    __scatterload_zeroinit                   0x00020ef9   Thumb Code    14  handlers.o(i.__scatterload_zeroinit)
    __set_errno                              0x00020f2d   Thumb Code     6  errno.o(i.__set_errno)
    adv_data_encode                          0x00020f39   Thumb Code   386  ble_advdata.o(i.adv_data_encode)
    app_button_enable                        0x000211c1   Thumb Code    32  app_button.o(i.app_button_enable)
    app_button_init                          0x000211e5   Thumb Code    96  app_button.o(i.app_button_init)
    app_error_fault_handler                  0x00021255   Thumb Code    44  app_error_weak.o(i.app_error_fault_handler)
    app_error_handler_bare                   0x000212b5   Thumb Code    22  app_error.o(i.app_error_handler_bare)
    app_fifo_get                             0x000212cb   Thumb Code    22  app_fifo.o(i.app_fifo_get)
    app_fifo_init                            0x000212e1   Thumb Code    32  app_fifo.o(i.app_fifo_init)
    app_fifo_put                             0x00021301   Thumb Code    26  app_fifo.o(i.app_fifo_put)
    app_timer_create                         0x0002131d   Thumb Code    36  app_timer.o(i.app_timer_create)
    app_timer_init                           0x00021345   Thumb Code    70  app_timer.o(i.app_timer_init)
    app_timer_start                          0x00021399   Thumb Code   128  app_timer.o(i.app_timer_start)
    app_timer_stop                           0x00021421   Thumb Code    26  app_timer.o(i.app_timer_stop)
    app_uart_get                             0x00021441   Thumb Code    42  app_uart_fifo.o(i.app_uart_get)
    app_uart_init                            0x00021475   Thumb Code   164  app_uart_fifo.o(i.app_uart_init)
    app_util_critical_region_enter           0x00021529   Thumb Code    64  app_util_platform.o(i.app_util_critical_region_enter)
    app_util_critical_region_exit            0x00021571   Thumb Code    46  app_util_platform.o(i.app_util_critical_region_exit)
    ble_advdata_set                          0x00021669   Thumb Code   104  ble_advdata.o(i.ble_advdata_set)
    ble_advertising_conn_cfg_tag_set         0x000216d1   Thumb Code     6  ble_advertising.o(i.ble_advertising_conn_cfg_tag_set)
    ble_advertising_init                     0x000216dd   Thumb Code   280  ble_advertising.o(i.ble_advertising_init)
    ble_advertising_on_ble_evt               0x000217fd   Thumb Code    88  ble_advertising.o(i.ble_advertising_on_ble_evt)
    ble_advertising_restart_without_whitelist 0x00021859   Thumb Code    50  ble_advertising.o(i.ble_advertising_restart_without_whitelist)
    ble_advertising_start                    0x00021895   Thumb Code   252  ble_advertising.o(i.ble_advertising_start)
    ble_conn_params_init                     0x00021999   Thumb Code    72  ble_conn_params.o(i.ble_conn_params_init)
    ble_conn_params_on_ble_evt               0x000219f1   Thumb Code   120  ble_conn_params.o(i.ble_conn_params_on_ble_evt)
    ble_init                                 0x00021b09   Thumb Code   188  main.o(i.ble_init)
    ble_nus_init                             0x00021be1   Thumb Code    94  ble_nus.o(i.ble_nus_init)
    ble_nus_on_ble_evt                       0x00021c45   Thumb Code    92  ble_nus.o(i.ble_nus_on_ble_evt)
    ble_nus_string_send                      0x00021ca1   Thumb Code    78  ble_nus.o(i.ble_nus_string_send)
    ble_srv_is_notification_enabled          0x00021cef   Thumb Code     8  ble_srv_common.o(i.ble_srv_is_notification_enabled)
    bno080_begin                             0x00021db5   Thumb Code    48  bno080.o(i.bno080_begin)
    bno080_dataAvailable                     0x00021de5   Thumb Code    54  bno080.o(i.bno080_dataAvailable)
    bno080_enableRotationVector              0x00021e1b   Thumb Code    10  bno080.o(i.bno080_enableRotationVector)
    bno080_getData                           0x00021e25   Thumb Code    74  bno080.o(i.bno080_getData)
    bno080_getQuatI                          0x00021e71   Thumb Code    12  bno080.o(i.bno080_getQuatI)
    bno080_getQuatJ                          0x00021e81   Thumb Code    12  bno080.o(i.bno080_getQuatJ)
    bno080_getQuatK                          0x00021e91   Thumb Code    12  bno080.o(i.bno080_getQuatK)
    bno080_getQuatReal                       0x00021ea1   Thumb Code    12  bno080.o(i.bno080_getQuatReal)
    bno080_parseCommandReport                0x00021eb1   Thumb Code    20  bno080.o(i.bno080_parseCommandReport)
    bno080_parseInputReport                  0x00021ec5   Thumb Code   376  bno080.o(i.bno080_parseInputReport)
    bno080_qToFloat                          0x0002203d   Thumb Code    70  bno080.o(i.bno080_qToFloat)
    bno080_receivePacket                     0x0002208d   Thumb Code    86  bno080.o(i.bno080_receivePacket)
    bno080_sendPacket                        0x000220e5   Thumb Code   124  bno080.o(i.bno080_sendPacket)
    bno080_setFeatureCommand                 0x0002216d   Thumb Code    58  bno080.o(i.bno080_setFeatureCommand)
    bno080_softReset                         0x000221a7   Thumb Code    54  bno080.o(i.bno080_softReset)
    bsp_board_button_idx_to_pin              0x000221dd   Thumb Code     6  boards.o(i.bsp_board_button_idx_to_pin)
    bsp_board_button_state_get               0x000221e9   Thumb Code    28  boards.o(i.bsp_board_button_state_get)
    bsp_board_led_invert                     0x00022209   Thumb Code    32  boards.o(i.bsp_board_led_invert)
    bsp_board_led_off                        0x0002222d   Thumb Code    10  boards.o(i.bsp_board_led_off)
    bsp_board_led_on                         0x0002223d   Thumb Code    10  boards.o(i.bsp_board_led_on)
    bsp_board_led_state_get                  0x0002224d   Thumb Code    28  boards.o(i.bsp_board_led_state_get)
    bsp_board_leds_init                      0x0002226d   Thumb Code    38  boards.o(i.bsp_board_leds_init)
    bsp_board_leds_off                       0x00022299   Thumb Code    18  boards.o(i.bsp_board_leds_off)
    bsp_board_leds_on                        0x000222ab   Thumb Code    18  boards.o(i.bsp_board_leds_on)
    bsp_board_pin_to_button_idx              0x000222bd   Thumb Code    30  boards.o(i.bsp_board_pin_to_button_idx)
    bsp_btn_ble_init                         0x000222e1   Thumb Code    52  bsp_btn_ble.o(i.bsp_btn_ble_init)
    bsp_btn_ble_on_ble_evt                   0x00022319   Thumb Code   106  bsp_btn_ble.o(i.bsp_btn_ble_on_ble_evt)
    bsp_btn_ble_sleep_mode_prepare           0x00022389   Thumb Code    30  bsp_btn_ble.o(i.bsp_btn_ble_sleep_mode_prepare)
    bsp_button_is_pressed                    0x00022439   Thumb Code     4  bsp.o(i.bsp_button_is_pressed)
    bsp_event_handler                        0x0002243d   Thumb Code    64  main.o(i.bsp_event_handler)
    bsp_event_to_button_action_assign        0x00022481   Thumb Code    64  bsp.o(i.bsp_event_to_button_action_assign)
    bsp_indication_set                       0x000224c5   Thumb Code    20  bsp.o(i.bsp_indication_set)
    bsp_init                                 0x000224dd   Thumb Code   126  bsp.o(i.bsp_init)
    bsp_wakeup_button_enable                 0x00022729   Thumb Code    16  bsp.o(i.bsp_wakeup_button_enable)
    fabs                                     0x00022a11   Thumb Code    24  fabs.o(i.fabs)
    fs_queued_op_count_get                   0x00022a51   Thumb Code    16  fstorage.o(i.fs_queued_op_count_get)
    gatt_evt_handler                         0x00022a65   Thumb Code    28  main.o(i.gatt_evt_handler)
    gatt_init                                0x00022a85   Thumb Code    38  main.o(i.gatt_init)
    intern_softdevice_events_execute         0x00022b0d   Thumb Code   114  softdevice_handler.o(i.intern_softdevice_events_execute)
    main                                     0x00022eed   Thumb Code   182  main.o(i.main)
    mux_init                                 0x00023029   Thumb Code    48  main.o(i.mux_init)
    nrf_ble_gatt_att_mtu_periph_set          0x00023109   Thumb Code    24  nrf_ble_gatt.o(i.nrf_ble_gatt_att_mtu_periph_set)
    nrf_ble_gatt_init                        0x00023121   Thumb Code    44  nrf_ble_gatt.o(i.nrf_ble_gatt_init)
    nrf_ble_gatt_on_ble_evt                  0x0002314d   Thumb Code   308  nrf_ble_gatt.o(i.nrf_ble_gatt_on_ble_evt)
    nrf_drv_bno_init                         0x00023451   Thumb Code    42  bno080.o(i.nrf_drv_bno_init)
    nrf_drv_bno_read_registers               0x00023485   Thumb Code    54  bno080.o(i.nrf_drv_bno_read_registers)
    nrf_drv_clock_init                       0x000234f1   Thumb Code    64  nrf_drv_clock.o(i.nrf_drv_clock_init)
    nrf_drv_clock_on_sd_enable               0x00023539   Thumb Code    44  nrf_drv_clock.o(i.nrf_drv_clock_on_sd_enable)
    nrf_drv_clock_on_soc_event               0x00023569   Thumb Code    10  nrf_drv_clock.o(i.nrf_drv_clock_on_soc_event)
    nrf_drv_common_irq_enable                0x00023573   Thumb Code    56  nrf_drv_common.o(i.nrf_drv_common_irq_enable)
    nrf_drv_gpiote_in_event_enable           0x000235b1   Thumb Code   156  nrf_drv_gpiote.o(i.nrf_drv_gpiote_in_event_enable)
    nrf_drv_gpiote_in_init                   0x00023655   Thumb Code   172  nrf_drv_gpiote.o(i.nrf_drv_gpiote_in_init)
    nrf_drv_gpiote_in_is_set                 0x0002370d   Thumb Code    20  nrf_drv_gpiote.o(i.nrf_drv_gpiote_in_is_set)
    nrf_drv_gpiote_init                      0x00023721   Thumb Code    84  nrf_drv_gpiote.o(i.nrf_drv_gpiote_init)
    nrf_drv_gpiote_is_init                   0x0002377d   Thumb Code    14  nrf_drv_gpiote.o(i.nrf_drv_gpiote_is_init)
    nrf_drv_ppi_channel_alloc                0x000237b1   Thumb Code   100  nrf_drv_ppi.o(i.nrf_drv_ppi_channel_alloc)
    nrf_drv_ppi_channel_assign               0x0002381d   Thumb Code    62  nrf_drv_ppi.o(i.nrf_drv_ppi_channel_assign)
    nrf_drv_ppi_channel_enable               0x00023861   Thumb Code    48  nrf_drv_ppi.o(i.nrf_drv_ppi_channel_enable)
    nrf_drv_ppi_init                         0x00023895   Thumb Code    18  nrf_drv_ppi.o(i.nrf_drv_ppi_init)
    nrf_drv_saadc_buffer_convert             0x000238ad   Thumb Code   154  nrf_drv_saadc.o(i.nrf_drv_saadc_buffer_convert)
    nrf_drv_saadc_channel_init               0x00023951   Thumb Code    88  nrf_drv_saadc.o(i.nrf_drv_saadc_channel_init)
    nrf_drv_saadc_init                       0x000239b1   Thumb Code   124  nrf_drv_saadc.o(i.nrf_drv_saadc_init)
    nrf_drv_saadc_sample_task_get            0x00023a3d   Thumb Code    20  nrf_drv_saadc.o(i.nrf_drv_saadc_sample_task_get)
    nrf_drv_timer_compare                    0x00023a59   Thumb Code    34  nrf_drv_timer.o(i.nrf_drv_timer_compare)
    nrf_drv_timer_enable                     0x00023a7d   Thumb Code    24  nrf_drv_timer.o(i.nrf_drv_timer_enable)
    nrf_drv_timer_extended_compare           0x00023a99   Thumb Code    42  nrf_drv_timer.o(i.nrf_drv_timer_extended_compare)
    nrf_drv_timer_init                       0x00023ac5   Thumb Code   138  nrf_drv_timer.o(i.nrf_drv_timer_init)
    nrf_drv_twi_enable                       0x00023b55   Thumb Code    28  nrf_drv_twi.o(i.nrf_drv_twi_enable)
    nrf_drv_twi_init                         0x00023b75   Thumb Code   134  nrf_drv_twi.o(i.nrf_drv_twi_init)
    nrf_drv_twi_rx                           0x00023c01   Thumb Code    32  nrf_drv_twi.o(i.nrf_drv_twi_rx)
    nrf_drv_twi_tx                           0x00023c25   Thumb Code    36  nrf_drv_twi.o(i.nrf_drv_twi_tx)
    nrf_drv_twi_xfer                         0x00023c49   Thumb Code    30  nrf_drv_twi.o(i.nrf_drv_twi_xfer)
    nrf_drv_uart_init                        0x00023c6d   Thumb Code    98  nrf_drv_uart.o(i.nrf_drv_uart_init)
    nrf_drv_uart_rx                          0x00023cd5   Thumb Code   170  nrf_drv_uart.o(i.nrf_drv_uart_rx)
    nrf_drv_uart_rx_enable                   0x00023d85   Thumb Code    42  nrf_drv_uart.o(i.nrf_drv_uart_rx_enable)
    nrf_drv_uart_tx                          0x00023f0d   Thumb Code   262  nrf_drv_uart.o(i.nrf_drv_uart_tx)
    nrf_drv_uart_tx_in_progress              0x00024019   Thumb Code    18  nrf_drv_uart.o(i.nrf_drv_uart_tx_in_progress)
    nrf_log_frontend_std_0                   0x000241a5   Thumb Code     8  nrf_log_frontend.o(i.nrf_log_frontend_std_0)
    nrf_log_frontend_std_1                   0x000241ad   Thumb Code    14  nrf_log_frontend.o(i.nrf_log_frontend_std_1)
    nrf_log_frontend_std_2                   0x000241bb   Thumb Code    16  nrf_log_frontend.o(i.nrf_log_frontend_std_2)
    nrf_saadc_channel_init                   0x000241dd   Thumb Code   100  nrf_saadc.o(i.nrf_saadc_channel_init)
    saadc_callback                           0x00024661   Thumb Code   702  main.o(i.saadc_callback)
    saadc_init                               0x00024935   Thumb Code   168  main.o(i.saadc_init)
    saadc_sampling_event_enable              0x000249e9   Thumb Code    24  main.o(i.saadc_sampling_event_enable)
    saadc_sampling_event_init                0x00024a05   Thumb Code   128  main.o(i.saadc_sampling_event_init)
    select_mux_input                         0x00024b05   Thumb Code    44  main.o(i.select_mux_input)
    softdevice_app_ram_start_get             0x00024c71   Thumb Code    14  softdevice_handler.o(i.softdevice_app_ram_start_get)
    softdevice_ble_evt_handler_set           0x00024c85   Thumb Code    14  softdevice_handler.o(i.softdevice_ble_evt_handler_set)
    softdevice_enable                        0x00024c99   Thumb Code    70  softdevice_handler.o(i.softdevice_enable)
    softdevice_fault_handler                 0x00024d89   Thumb Code     4  softdevice_handler.o(i.softdevice_fault_handler)
    softdevice_handler_init                  0x00024d8d   Thumb Code    92  softdevice_handler.o(i.softdevice_handler_init)
    softdevice_handler_is_enabled            0x00024df1   Thumb Code     6  softdevice_handler.o(i.softdevice_handler_is_enabled)
    sqrt                                     0x00024dfd   Thumb Code   110  sqrt.o(i.sqrt)
    timer_handler                            0x00024e6b   Thumb Code     2  main.o(i.timer_handler)
    uart_event_handle                        0x00025449   Thumb Code    92  main.o(i.uart_event_handle)
    mux_select_pins                          0x000258dc   Data          12  main.o(.constdata)
    __mathlib_zero                           0x00025a60   Data           8  qnan.o(.constdata)
    Region$$Table$$Base                      0x00025bf0   Number         0  anon$$obj.o(Region$$Table)
    Region$$Table$$Limit                     0x00025c10   Number         0  anon$$obj.o(Region$$Table)
    Image$$RW_IRAM1$$Base                    0x200025f8   Number         0  anon$$obj.o ABSOLUTE
    quatReal_i_0                             0x20002600   Data           2  main.o(.data)
    quatI_i_0                                0x20002602   Data           2  main.o(.data)
    quatJ_i_0                                0x20002604   Data           2  main.o(.data)
    quatK_i_0                                0x20002606   Data           2  main.o(.data)
    quatReal_i_1                             0x20002608   Data           2  main.o(.data)
    quatI_i_1                                0x2000260a   Data           2  main.o(.data)
    quatJ_i_1                                0x2000260c   Data           2  main.o(.data)
    quatK_i_1                                0x2000260e   Data           2  main.o(.data)
    quatReal_0                               0x20002614   Data           4  main.o(.data)
    quatI_0                                  0x20002618   Data           4  main.o(.data)
    quatJ_0                                  0x2000261c   Data           4  main.o(.data)
    quatK_0                                  0x20002620   Data           4  main.o(.data)
    quatReal_1                               0x20002624   Data           4  main.o(.data)
    quatI_1                                  0x20002628   Data           4  main.o(.data)
    quatJ_1                                  0x2000262c   Data           4  main.o(.data)
    quatK_1                                  0x20002630   Data           4  main.o(.data)
    rotationVector_Q1                        0x20002636   Data           2  bno080.o(.data)
    rotationVectorAccuracy_Q1                0x20002638   Data           2  bno080.o(.data)
    SystemCoreClock                          0x200026dc   Data           4  system_nrf52.o(.data)
    input_buffer                             0x20002a90   Data          39  main.o(.bss)
    bno_0                                    0x20002ac4   Data         524  main.o(.bss)
    bno_1                                    0x20002cd0   Data         524  main.o(.bss)
    nrf_nvic_state                           0x2000329c   Data          12  app_util_platform.o(.bss)
    __initial_sp                             0x20004330   Data           0  arm_startup_nrf52.o(STACK)



==============================================================================

Memory Map of the image

  Image Entry point : 0x0001f201

  Load Region LR_IROM1 (Base: 0x0001f000, Size: 0x00006cfc, Max: 0x00061000, ABSOLUTE)

    Execution Region ER_IROM1 (Exec base: 0x0001f000, Load base: 0x0001f000, Size: 0x00006c10, Max: 0x00061000, ABSOLUTE)

    Exec Addr    Load Addr    Size         Type   Attr      Idx    E Section Name        Object

    0x0001f000   0x0001f000   0x00000200   Data   RO         4006    RESET               arm_startup_nrf52.o
    0x0001f200   0x0001f200   0x00000000   Code   RO         4076  * .ARM.Collect$$$$00000000  mc_w.l(entry.o)
    0x0001f200   0x0001f200   0x00000004   Code   RO         4425    .ARM.Collect$$$$00000001  mc_w.l(entry2.o)
    0x0001f204   0x0001f204   0x00000004   Code   RO         4428    .ARM.Collect$$$$00000004  mc_w.l(entry5.o)
    0x0001f208   0x0001f208   0x00000000   Code   RO         4430    .ARM.Collect$$$$00000008  mc_w.l(entry7b.o)
    0x0001f208   0x0001f208   0x00000000   Code   RO         4432    .ARM.Collect$$$$0000000A  mc_w.l(entry8b.o)
    0x0001f208   0x0001f208   0x00000008   Code   RO         4433    .ARM.Collect$$$$0000000B  mc_w.l(entry9a.o)
    0x0001f210   0x0001f210   0x00000004   Code   RO         4440    .ARM.Collect$$$$0000000E  mc_w.l(entry12b.o)
    0x0001f214   0x0001f214   0x00000000   Code   RO         4435    .ARM.Collect$$$$0000000F  mc_w.l(entry10a.o)
    0x0001f214   0x0001f214   0x00000000   Code   RO         4437    .ARM.Collect$$$$00000011  mc_w.l(entry11a.o)
    0x0001f214   0x0001f214   0x00000004   Code   RO         4426    .ARM.Collect$$$$00002712  mc_w.l(entry2.o)
    0x0001f218   0x0001f218   0x00000024   Code   RO         4007    .text               arm_startup_nrf52.o
    0x0001f23c   0x0001f23c   0x00000062   Code   RO         4079    .text               mc_w.l(uldiv.o)
    0x0001f29e   0x0001f29e   0x00000024   Code   RO         4109    .text               mc_w.l(memcpya.o)
    0x0001f2c2   0x0001f2c2   0x00000024   Code   RO         4111    .text               mc_w.l(memseta.o)
    0x0001f2e6   0x0001f2e6   0x000000e4   Code   RO         4380    .text               mf_w.l(dmul.o)
    0x0001f3ca   0x0001f3ca   0x00000022   Code   RO         4382    .text               mf_w.l(dflti.o)
    0x0001f3ec   0x0001f3ec   0x00000026   Code   RO         4384    .text               mf_w.l(f2d.o)
    0x0001f412   0x0001f412   0x00000038   Code   RO         4386    .text               mf_w.l(d2f.o)
    0x0001f44a   0x0001f44a   0x0000001e   Code   RO         4443    .text               mc_w.l(llshl.o)
    0x0001f468   0x0001f468   0x00000020   Code   RO         4445    .text               mc_w.l(llushr.o)
    0x0001f488   0x0001f488   0x00000000   Code   RO         4454    .text               mc_w.l(iusefp.o)
    0x0001f488   0x0001f488   0x0000006e   Code   RO         4455    .text               mf_w.l(fepilogue.o)
    0x0001f4f6   0x0001f4f6   0x000000ba   Code   RO         4457    .text               mf_w.l(depilogue.o)
    0x0001f5b0   0x0001f5b0   0x0000014e   Code   RO         4459    .text               mf_w.l(dadd.o)
    0x0001f6fe   0x0001f6fe   0x000000de   Code   RO         4461    .text               mf_w.l(ddiv.o)
    0x0001f7dc   0x0001f7dc   0x0000002e   Code   RO         4465    .text               mf_w.l(dscalb.o)
    0x0001f80a   0x0001f80a   0x00000002   PAD
    0x0001f80c   0x0001f80c   0x00000030   Code   RO         4469    .text               mf_w.l(cdrcmple.o)
    0x0001f83c   0x0001f83c   0x00000024   Code   RO         4471    .text               mc_w.l(init.o)
    0x0001f860   0x0001f860   0x00000024   Code   RO         4473    .text               mc_w.l(llsshr.o)
    0x0001f884   0x0001f884   0x000000a2   Code   RO         4475    .text               mf_w.l(dsqrt.o)
    0x0001f926   0x0001f926   0x00000002   PAD
    0x0001f928   0x0001f928   0x00000174   Code   RO         1650    i.GPIOTE_IRQHandler  nrf_drv_gpiote.o
    0x0001fa9c   0x0001fa9c   0x00000016   Code   RO         2972    i.NVIC_ClearPendingIRQ  app_timer.o
    0x0001fab2   0x0001fab2   0x00000016   Code   RO         3865    i.NVIC_DisableIRQ   softdevice_handler.o
    0x0001fac8   0x0001fac8   0x00000016   Code   RO         2973    i.NVIC_EnableIRQ    app_timer.o
    0x0001fade   0x0001fade   0x00000016   Code   RO         3866    i.NVIC_EnableIRQ    softdevice_handler.o
    0x0001faf4   0x0001faf4   0x00000016   Code   RO         2974    i.NVIC_SetPendingIRQ  app_timer.o
    0x0001fb0a   0x0001fb0a   0x00000020   Code   RO         2975    i.NVIC_SetPriority  app_timer.o
    0x0001fb2a   0x0001fb2a   0x00000002   PAD
    0x0001fb2c   0x0001fb2c   0x00000058   Code   RO         1430    i.POWER_CLOCK_IRQHandler  nrf_drv_clock.o
    0x0001fb84   0x0001fb84   0x00000024   Code   RO         2976    i.RTC1_IRQHandler   app_timer.o
    0x0001fba8   0x0001fba8   0x00000148   Code   RO         2398    i.SAADC_IRQHandler  nrf_drv_saadc.o
    0x0001fcf0   0x0001fcf0   0x00000010   Code   RO         2562    i.SPIM0_SPIS0_TWIM0_TWIS0_SPI0_TWI0_IRQHandler  nrf_drv_twi.o
    0x0001fd00   0x0001fd00   0x00000010   Code   RO         2563    i.SPIM1_SPIS1_TWIM1_TWIS1_SPI1_TWI1_IRQHandler  nrf_drv_twi.o
    0x0001fd10   0x0001fd10   0x00000004   Code   RO         2977    i.SWI0_EGU0_IRQHandler  app_timer.o
    0x0001fd14   0x0001fd14   0x00000024   Code   RO         3867    i.SWI2_EGU2_IRQHandler  softdevice_handler.o
    0x0001fd38   0x0001fd38   0x00000328   Code   RO         4015    i.SystemInit        system_nrf52.o
    0x00020060   0x00020060   0x0000004c   Code   RO         2131    i.TIMER3_IRQHandler  nrf_drv_timer.o
    0x000200ac   0x000200ac   0x0000001c   Code   RO         1893    i.UARTE0_UART0_IRQHandler  nrf_drv_uart.o
    0x000200c8   0x000200c8   0x00000030   Code   RO         4408    i.__ARM_fpclassify  m_wm.l(fpclassify.o)
    0x000200f8   0x000200f8   0x00000c50   Code   RO         4062    i.__hardfp_pow      m_wm.l(pow.o)
    0x00020d48   0x00020d48   0x000000f8   Code   RO         4410    i.__kernel_poly     m_wm.l(poly.o)
    0x00020e40   0x00020e40   0x00000030   Code   RO         4388    i.__mathlib_dbl_divzero  m_wm.l(dunder.o)
    0x00020e70   0x00020e70   0x00000014   Code   RO         4390    i.__mathlib_dbl_infnan2  m_wm.l(dunder.o)
    0x00020e84   0x00020e84   0x00000004   PAD
    0x00020e88   0x00020e88   0x00000020   Code   RO         4391    i.__mathlib_dbl_invalid  m_wm.l(dunder.o)
    0x00020ea8   0x00020ea8   0x00000020   Code   RO         4392    i.__mathlib_dbl_overflow  m_wm.l(dunder.o)
    0x00020ec8   0x00020ec8   0x00000020   Code   RO         4394    i.__mathlib_dbl_underflow  m_wm.l(dunder.o)
    0x00020ee8   0x00020ee8   0x0000000e   Code   RO         4481    i.__scatterload_copy  mc_w.l(handlers.o)
    0x00020ef6   0x00020ef6   0x00000002   Code   RO         4482    i.__scatterload_null  mc_w.l(handlers.o)
    0x00020ef8   0x00020ef8   0x0000000e   Code   RO         4483    i.__scatterload_zeroinit  mc_w.l(handlers.o)
    0x00020f06   0x00020f06   0x00000002   PAD
    0x00020f08   0x00020f08   0x00000024   Code   RO         3868    i.__sd_nvic_app_accessible_irq  softdevice_handler.o
    0x00020f2c   0x00020f2c   0x0000000c   Code   RO         4449    i.__set_errno       mc_w.l(errno.o)
    0x00020f38   0x00020f38   0x00000182   Code   RO          975    i.adv_data_encode   ble_advdata.o
    0x000210ba   0x000210ba   0x00000002   PAD
    0x000210bc   0x000210bc   0x00000058   Code   RO         1055    i.adv_mode_next_avail_get  ble_advertising.o
    0x00021114   0x00021114   0x00000036   Code   RO          866    i.advertising_buttons_configure  bsp_btn_ble.o
    0x0002114a   0x0002114a   0x00000002   PAD
    0x0002114c   0x0002114c   0x0000006c   Code   RO            4    i.advertising_init  main.o
    0x000211b8   0x000211b8   0x00000006   Code   RO          740    i.alert_timer_handler  bsp.o
    0x000211be   0x000211be   0x00000002   PAD
    0x000211c0   0x000211c0   0x00000024   Code   RO         2716    i.app_button_enable  app_button.o
    0x000211e4   0x000211e4   0x00000070   Code   RO         2717    i.app_button_init   app_button.o
    0x00021254   0x00021254   0x00000060   Code   RO         2820    i.app_error_fault_handler  app_error_weak.o
    0x000212b4   0x000212b4   0x00000016   Code   RO         2778    i.app_error_handler_bare  app_error.o
    0x000212ca   0x000212ca   0x00000016   Code   RO         2849    i.app_fifo_get      app_fifo.o
    0x000212e0   0x000212e0   0x00000020   Code   RO         2850    i.app_fifo_init     app_fifo.o
    0x00021300   0x00021300   0x0000001a   Code   RO         2852    i.app_fifo_put      app_fifo.o
    0x0002131a   0x0002131a   0x00000002   PAD
    0x0002131c   0x0002131c   0x00000028   Code   RO         2980    i.app_timer_create  app_timer.o
    0x00021344   0x00021344   0x00000054   Code   RO         2981    i.app_timer_init    app_timer.o
    0x00021398   0x00021398   0x00000088   Code   RO         2984    i.app_timer_start   app_timer.o
    0x00021420   0x00021420   0x00000020   Code   RO         2985    i.app_timer_stop    app_timer.o
    0x00021440   0x00021440   0x00000034   Code   RO         3140    i.app_uart_get      app_uart_fifo.o
    0x00021474   0x00021474   0x000000b4   Code   RO         3141    i.app_uart_init     app_uart_fifo.o
    0x00021528   0x00021528   0x00000048   Code   RO         3207    i.app_util_critical_region_enter  app_util_platform.o
    0x00021570   0x00021570   0x00000034   Code   RO         3208    i.app_util_critical_region_exit  app_util_platform.o
    0x000215a4   0x000215a4   0x000000b8   Code   RO         1894    i.apply_config      nrf_drv_uart.o
    0x0002165c   0x0002165c   0x0000000c   Code   RO         2244    i.are_app_channels  nrf_drv_ppi.o
    0x00021668   0x00021668   0x00000068   Code   RO          976    i.ble_advdata_set   ble_advdata.o
    0x000216d0   0x000216d0   0x0000000c   Code   RO         1056    i.ble_advertising_conn_cfg_tag_set  ble_advertising.o
    0x000216dc   0x000216dc   0x00000120   Code   RO         1057    i.ble_advertising_init  ble_advertising.o
    0x000217fc   0x000217fc   0x0000005c   Code   RO         1058    i.ble_advertising_on_ble_evt  ble_advertising.o
    0x00021858   0x00021858   0x0000003c   Code   RO         1061    i.ble_advertising_restart_without_whitelist  ble_advertising.o
    0x00021894   0x00021894   0x00000104   Code   RO         1062    i.ble_advertising_start  ble_advertising.o
    0x00021998   0x00021998   0x00000058   Code   RO         1152    i.ble_conn_params_init  ble_conn_params.o
    0x000219f0   0x000219f0   0x00000084   Code   RO         1153    i.ble_conn_params_on_ble_evt  ble_conn_params.o
    0x00021a74   0x00021a74   0x00000060   Code   RO          977    i.ble_device_addr_encode  ble_advdata.o
    0x00021ad4   0x00021ad4   0x00000034   Code   RO            6    i.ble_evt_dispatch  main.o
    0x00021b08   0x00021b08   0x000000d8   Code   RO            7    i.ble_init          main.o
    0x00021be0   0x00021be0   0x00000064   Code   RO         1374    i.ble_nus_init      ble_nus.o
    0x00021c44   0x00021c44   0x0000005c   Code   RO         1375    i.ble_nus_on_ble_evt  ble_nus.o
    0x00021ca0   0x00021ca0   0x0000004e   Code   RO         1376    i.ble_nus_string_send  ble_nus.o
    0x00021cee   0x00021cee   0x00000008   Code   RO         1225    i.ble_srv_is_notification_enabled  ble_srv_common.o
    0x00021cf6   0x00021cf6   0x00000002   PAD
    0x00021cf8   0x00021cf8   0x000000bc   Code   RO            8    i.ble_stack_init    main.o
    0x00021db4   0x00021db4   0x00000030   Code   RO          420    i.bno080_begin      bno080.o
    0x00021de4   0x00021de4   0x00000036   Code   RO          421    i.bno080_dataAvailable  bno080.o
    0x00021e1a   0x00021e1a   0x0000000a   Code   RO          422    i.bno080_enableRotationVector  bno080.o
    0x00021e24   0x00021e24   0x0000004a   Code   RO          423    i.bno080_getData    bno080.o
    0x00021e6e   0x00021e6e   0x00000002   PAD
    0x00021e70   0x00021e70   0x00000010   Code   RO          424    i.bno080_getQuatI   bno080.o
    0x00021e80   0x00021e80   0x00000010   Code   RO          425    i.bno080_getQuatJ   bno080.o
    0x00021e90   0x00021e90   0x00000010   Code   RO          426    i.bno080_getQuatK   bno080.o
    0x00021ea0   0x00021ea0   0x00000010   Code   RO          428    i.bno080_getQuatReal  bno080.o
    0x00021eb0   0x00021eb0   0x00000014   Code   RO          429    i.bno080_parseCommandReport  bno080.o
    0x00021ec4   0x00021ec4   0x00000178   Code   RO          430    i.bno080_parseInputReport  bno080.o
    0x0002203c   0x0002203c   0x00000050   Code   RO          431    i.bno080_qToFloat   bno080.o
    0x0002208c   0x0002208c   0x00000056   Code   RO          432    i.bno080_receivePacket  bno080.o
    0x000220e2   0x000220e2   0x00000002   PAD
    0x000220e4   0x000220e4   0x00000088   Code   RO          433    i.bno080_sendPacket  bno080.o
    0x0002216c   0x0002216c   0x0000003a   Code   RO          434    i.bno080_setFeatureCommand  bno080.o
    0x000221a6   0x000221a6   0x00000036   Code   RO          435    i.bno080_softReset  bno080.o
    0x000221dc   0x000221dc   0x0000000c   Code   RO          624    i.bsp_board_button_idx_to_pin  boards.o
    0x000221e8   0x000221e8   0x00000020   Code   RO          625    i.bsp_board_button_state_get  boards.o
    0x00022208   0x00022208   0x00000024   Code   RO          628    i.bsp_board_led_invert  boards.o
    0x0002222c   0x0002222c   0x00000010   Code   RO          629    i.bsp_board_led_off  boards.o
    0x0002223c   0x0002223c   0x00000010   Code   RO          630    i.bsp_board_led_on  boards.o
    0x0002224c   0x0002224c   0x00000020   Code   RO          631    i.bsp_board_led_state_get  boards.o
    0x0002226c   0x0002226c   0x0000002c   Code   RO          632    i.bsp_board_leds_init  boards.o
    0x00022298   0x00022298   0x00000012   Code   RO          633    i.bsp_board_leds_off  boards.o
    0x000222aa   0x000222aa   0x00000012   Code   RO          634    i.bsp_board_leds_on  boards.o
    0x000222bc   0x000222bc   0x00000024   Code   RO          635    i.bsp_board_pin_to_button_idx  boards.o
    0x000222e0   0x000222e0   0x00000038   Code   RO          867    i.bsp_btn_ble_init  bsp_btn_ble.o
    0x00022318   0x00022318   0x00000070   Code   RO          868    i.bsp_btn_ble_on_ble_evt  bsp_btn_ble.o
    0x00022388   0x00022388   0x0000001e   Code   RO          869    i.bsp_btn_ble_sleep_mode_prepare  bsp_btn_ble.o
    0x000223a6   0x000223a6   0x00000002   PAD
    0x000223a8   0x000223a8   0x00000090   Code   RO          741    i.bsp_button_event_handler  bsp.o
    0x00022438   0x00022438   0x00000004   Code   RO          742    i.bsp_button_is_pressed  bsp.o
    0x0002243c   0x0002243c   0x00000044   Code   RO            9    i.bsp_event_handler  main.o
    0x00022480   0x00022480   0x00000044   Code   RO          745    i.bsp_event_to_button_action_assign  bsp.o
    0x000224c4   0x000224c4   0x00000018   Code   RO          746    i.bsp_indication_set  bsp.o
    0x000224dc   0x000224dc   0x00000094   Code   RO          747    i.bsp_init          bsp.o
    0x00022570   0x00022570   0x000001b8   Code   RO          748    i.bsp_led_indication  bsp.o
    0x00022728   0x00022728   0x00000010   Code   RO          750    i.bsp_wakeup_button_enable  bsp.o
    0x00022738   0x00022738   0x00000008   Code   RO          751    i.button_timer_handler  bsp.o
    0x00022740   0x00022740   0x0000001c   Code   RO         1651    i.channel_free      nrf_drv_gpiote.o
    0x0002275c   0x0002275c   0x00000048   Code   RO         1652    i.channel_port_alloc  nrf_drv_gpiote.o
    0x000227a4   0x000227a4   0x00000010   Code   RO         1653    i.channel_port_get  nrf_drv_gpiote.o
    0x000227b4   0x000227b4   0x00000028   Code   RO         1431    i.clock_clk_started_notify  nrf_drv_clock.o
    0x000227dc   0x000227dc   0x000000ac   Code   RO         2987    i.compare_reg_update  app_timer.o
    0x00022888   0x00022888   0x00000088   Code   RO          978    i.conn_int_encode   ble_advdata.o
    0x00022910   0x00022910   0x00000004   Code   RO           10    i.conn_params_error_handler  main.o
    0x00022914   0x00022914   0x0000005c   Code   RO         1155    i.conn_params_negotiation  ble_conn_params.o
    0x00022970   0x00022970   0x00000060   Code   RO         2719    i.detection_delay_timeout_handler  app_button.o
    0x000229d0   0x000229d0   0x00000040   Code   RO         2988    i.elapsed_ticks_acquire  app_timer.o
    0x00022a10   0x00022a10   0x00000018   Code   RO         4404    i.fabs              m_wm.l(fabs.o)
    0x00022a28   0x00022a28   0x00000014   Code   RO         2855    i.fifo_get          app_fifo.o
    0x00022a3c   0x00022a3c   0x00000012   Code   RO         2856    i.fifo_put          app_fifo.o
    0x00022a4e   0x00022a4e   0x00000002   PAD
    0x00022a50   0x00022a50   0x00000014   Code   RO         3281    i.fs_queued_op_count_get  fstorage.o
    0x00022a64   0x00022a64   0x00000020   Code   RO           11    i.gatt_evt_handler  main.o
    0x00022a84   0x00022a84   0x00000030   Code   RO           12    i.gatt_init         main.o
    0x00022ab4   0x00022ab4   0x00000058   Code   RO         2720    i.gpiote_event_handler  app_button.o
    0x00022b0c   0x00022b0c   0x00000078   Code   RO         3869    i.intern_softdevice_events_execute  softdevice_handler.o
    0x00022b84   0x00022b84   0x00000078   Code   RO         1895    i.interrupts_enable  nrf_drv_uart.o
    0x00022bfc   0x00022bfc   0x0000014e   Code   RO         2564    i.irq_handler_twim  nrf_drv_twi.o
    0x00022d4a   0x00022d4a   0x00000002   PAD
    0x00022d4c   0x00022d4c   0x00000018   Code   RO         2245    i.is_allocated_channel  nrf_drv_ppi.o
    0x00022d64   0x00022d64   0x0000000a   Code   RO         2247    i.is_app_channel    nrf_drv_ppi.o
    0x00022d6e   0x00022d6e   0x00000002   PAD
    0x00022d70   0x00022d70   0x0000001c   Code   RO         1156    i.is_conn_params_ok  ble_conn_params.o
    0x00022d8c   0x00022d8c   0x0000000c   Code   RO         2249    i.is_programmable_app_channel  nrf_drv_ppi.o
    0x00022d98   0x00022d98   0x00000030   Code   RO          752    i.leds_off          bsp.o
    0x00022dc8   0x00022dc8   0x00000014   Code   RO          753    i.leds_timer_handler  bsp.o
    0x00022ddc   0x00022ddc   0x00000018   Code   RO         1282    i.link_init         nrf_ble_gatt.o
    0x00022df4   0x00022df4   0x000000f8   Code   RO         2989    i.list_insertions_handler  app_timer.o
    0x00022eec   0x00022eec   0x000000d8   Code   RO           13    i.main              main.o
    0x00022fc4   0x00022fc4   0x00000064   Code   RO          979    i.manuf_specific_data_encode  ble_advdata.o
    0x00023028   0x00023028   0x00000034   Code   RO           14    i.mux_init          main.o
    0x0002305c   0x0002305c   0x0000009c   Code   RO          980    i.name_encode       ble_advdata.o
    0x000230f8   0x000230f8   0x00000010   Code   RO         1654    i.nrf_bitmask_bit_is_set  nrf_drv_gpiote.o
    0x00023108   0x00023108   0x00000018   Code   RO         1284    i.nrf_ble_gatt_att_mtu_periph_set  nrf_ble_gatt.o
    0x00023120   0x00023120   0x0000002c   Code   RO         1288    i.nrf_ble_gatt_init  nrf_ble_gatt.o
    0x0002314c   0x0002314c   0x00000140   Code   RO         1289    i.nrf_ble_gatt_on_ble_evt  nrf_ble_gatt.o
    0x0002328c   0x0002328c   0x0000000e   Code   RO         1435    i.nrf_clock_event_check  nrf_drv_clock.o
    0x0002329a   0x0002329a   0x00000010   Code   RO         1436    i.nrf_clock_event_clear  nrf_drv_clock.o
    0x000232aa   0x000232aa   0x00000002   PAD
    0x000232ac   0x000232ac   0x0000008c   Code   RO          436    i.nrf_delay_us      bno080.o
    0x00023338   0x00023338   0x0000008c   Code   RO         2565    i.nrf_delay_us      nrf_drv_twi.o
    0x000233c4   0x000233c4   0x0000008c   Code   RO         2990    i.nrf_delay_us      app_timer.o
    0x00023450   0x00023450   0x00000034   Code   RO          437    i.nrf_drv_bno_init  bno080.o
    0x00023484   0x00023484   0x00000044   Code   RO          438    i.nrf_drv_bno_read_registers  bno080.o
    0x000234c8   0x000234c8   0x00000028   Code   RO          439    i.nrf_drv_bno_twi_event_handler  bno080.o
    0x000234f0   0x000234f0   0x00000048   Code   RO         1443    i.nrf_drv_clock_init  nrf_drv_clock.o
    0x00023538   0x00023538   0x00000030   Code   RO         1450    i.nrf_drv_clock_on_sd_enable  nrf_drv_clock.o
    0x00023568   0x00023568   0x0000000a   Code   RO         1451    i.nrf_drv_clock_on_soc_event  nrf_drv_clock.o
    0x00023572   0x00023572   0x00000038   Code   RO         1604    i.nrf_drv_common_irq_enable  nrf_drv_common.o
    0x000235aa   0x000235aa   0x00000006   Code   RO         1897    i.nrf_drv_get_IRQn  nrf_drv_uart.o
    0x000235b0   0x000235b0   0x000000a4   Code   RO         1659    i.nrf_drv_gpiote_in_event_enable  nrf_drv_gpiote.o
    0x00023654   0x00023654   0x000000b8   Code   RO         1660    i.nrf_drv_gpiote_in_init  nrf_drv_gpiote.o
    0x0002370c   0x0002370c   0x00000014   Code   RO         1661    i.nrf_drv_gpiote_in_is_set  nrf_drv_gpiote.o
    0x00023720   0x00023720   0x0000005c   Code   RO         1663    i.nrf_drv_gpiote_init  nrf_drv_gpiote.o
    0x0002377c   0x0002377c   0x00000014   Code   RO         1664    i.nrf_drv_gpiote_is_init  nrf_drv_gpiote.o
    0x00023790   0x00023790   0x00000010   Code   RO         1898    i.nrf_drv_is_in_RAM  nrf_drv_uart.o
    0x000237a0   0x000237a0   0x00000010   Code   RO         2566    i.nrf_drv_is_in_RAM  nrf_drv_twi.o
    0x000237b0   0x000237b0   0x0000006c   Code   RO         2250    i.nrf_drv_ppi_channel_alloc  nrf_drv_ppi.o
    0x0002381c   0x0002381c   0x00000044   Code   RO         2251    i.nrf_drv_ppi_channel_assign  nrf_drv_ppi.o
    0x00023860   0x00023860   0x00000034   Code   RO         2253    i.nrf_drv_ppi_channel_enable  nrf_drv_ppi.o
    0x00023894   0x00023894   0x00000018   Code   RO         2262    i.nrf_drv_ppi_init  nrf_drv_ppi.o
    0x000238ac   0x000238ac   0x000000a4   Code   RO         2400    i.nrf_drv_saadc_buffer_convert  nrf_drv_saadc.o
    0x00023950   0x00023950   0x00000060   Code   RO         2402    i.nrf_drv_saadc_channel_init  nrf_drv_saadc.o
    0x000239b0   0x000239b0   0x0000008c   Code   RO         2404    i.nrf_drv_saadc_init  nrf_drv_saadc.o
    0x00023a3c   0x00023a3c   0x0000001c   Code   RO         2409    i.nrf_drv_saadc_sample_task_get  nrf_drv_saadc.o
    0x00023a58   0x00023a58   0x00000022   Code   RO         2134    i.nrf_drv_timer_compare  nrf_drv_timer.o
    0x00023a7a   0x00023a7a   0x00000002   PAD
    0x00023a7c   0x00023a7c   0x0000001c   Code   RO         2138    i.nrf_drv_timer_enable  nrf_drv_timer.o
    0x00023a98   0x00023a98   0x0000002a   Code   RO         2139    i.nrf_drv_timer_extended_compare  nrf_drv_timer.o
    0x00023ac2   0x00023ac2   0x00000002   PAD
    0x00023ac4   0x00023ac4   0x00000090   Code   RO         2141    i.nrf_drv_timer_init  nrf_drv_timer.o
    0x00023b54   0x00023b54   0x00000020   Code   RO         2569    i.nrf_drv_twi_enable  nrf_drv_twi.o
    0x00023b74   0x00023b74   0x0000008c   Code   RO         2570    i.nrf_drv_twi_init  nrf_drv_twi.o
    0x00023c00   0x00023c00   0x00000024   Code   RO         2572    i.nrf_drv_twi_rx    nrf_drv_twi.o
    0x00023c24   0x00023c24   0x00000024   Code   RO         2575    i.nrf_drv_twi_tx    nrf_drv_twi.o
    0x00023c48   0x00023c48   0x00000024   Code   RO         2577    i.nrf_drv_twi_xfer  nrf_drv_twi.o
    0x00023c6c   0x00023c6c   0x00000068   Code   RO         1900    i.nrf_drv_uart_init  nrf_drv_uart.o
    0x00023cd4   0x00023cd4   0x000000b0   Code   RO         1901    i.nrf_drv_uart_rx   nrf_drv_uart.o
    0x00023d84   0x00023d84   0x00000030   Code   RO         1904    i.nrf_drv_uart_rx_enable  nrf_drv_uart.o
    0x00023db4   0x00023db4   0x000000a8   Code   RO         1905    i.nrf_drv_uart_rx_for_uart  nrf_drv_uart.o
    0x00023e5c   0x00023e5c   0x000000b0   Code   RO         1906    i.nrf_drv_uart_rx_for_uarte  nrf_drv_uart.o
    0x00023f0c   0x00023f0c   0x0000010c   Code   RO         1908    i.nrf_drv_uart_tx   nrf_drv_uart.o
    0x00024018   0x00024018   0x00000018   Code   RO         1910    i.nrf_drv_uart_tx_in_progress  nrf_drv_uart.o
    0x00024030   0x00024030   0x00000024   Code   RO          637    i.nrf_gpio_cfg      boards.o
    0x00024054   0x00024054   0x00000024   Code   RO         1678    i.nrf_gpio_cfg      nrf_drv_gpiote.o
    0x00024078   0x00024078   0x00000024   Code   RO         1912    i.nrf_gpio_cfg      nrf_drv_uart.o
    0x0002409c   0x0002409c   0x00000012   Code   RO         1914    i.nrf_gpio_cfg_input  nrf_drv_uart.o
    0x000240ae   0x000240ae   0x00000014   Code   RO         1915    i.nrf_gpio_cfg_output  nrf_drv_uart.o
    0x000240c2   0x000240c2   0x00000022   Code   RO          754    i.nrf_gpio_cfg_sense_set  bsp.o
    0x000240e4   0x000240e4   0x00000022   Code   RO         1680    i.nrf_gpio_cfg_sense_set  nrf_drv_gpiote.o
    0x00024106   0x00024106   0x0000000e   Code   RO         2578    i.nrf_gpio_pin_set  nrf_drv_twi.o
    0x00024114   0x00024114   0x00000016   Code   RO           15    i.nrf_gpio_pin_write  main.o
    0x0002412a   0x0002412a   0x00000016   Code   RO          638    i.nrf_gpio_pin_write  boards.o
    0x00024140   0x00024140   0x00000028   Code   RO         1681    i.nrf_gpio_ports_read  nrf_drv_gpiote.o
    0x00024168   0x00024168   0x00000014   Code   RO         1682    i.nrf_gpiote_event_clear  nrf_drv_gpiote.o
    0x0002417c   0x0002417c   0x00000010   Code   RO         1683    i.nrf_gpiote_event_is_set  nrf_drv_gpiote.o
    0x0002418c   0x0002418c   0x00000018   Code   RO         3591    i.nrf_log_direct_feed  nrf_log_frontend.o
    0x000241a4   0x000241a4   0x00000008   Code   RO         3595    i.nrf_log_frontend_std_0  nrf_log_frontend.o
    0x000241ac   0x000241ac   0x0000000e   Code   RO         3596    i.nrf_log_frontend_std_1  nrf_log_frontend.o
    0x000241ba   0x000241ba   0x00000010   Code   RO         3597    i.nrf_log_frontend_std_2  nrf_log_frontend.o
    0x000241ca   0x000241ca   0x00000002   PAD
    0x000241cc   0x000241cc   0x00000010   Code   RO         2411    i.nrf_saadc_buffer_init  nrf_drv_saadc.o
    0x000241dc   0x000241dc   0x00000068   Code   RO         2535    i.nrf_saadc_channel_init  nrf_saadc.o
    0x00024244   0x00024244   0x00000014   Code   RO         2412    i.nrf_saadc_channel_input_set  nrf_drv_saadc.o
    0x00024258   0x00024258   0x00000010   Code   RO         2413    i.nrf_saadc_event_check  nrf_drv_saadc.o
    0x00024268   0x00024268   0x00000014   Code   RO         2414    i.nrf_saadc_event_clear  nrf_drv_saadc.o
    0x0002427c   0x0002427c   0x0000000a   Code   RO         2579    i.nrf_twim_event_check  nrf_drv_twi.o
    0x00024286   0x00024286   0x0000000c   Code   RO         2580    i.nrf_twim_event_clear  nrf_drv_twi.o
    0x00024292   0x00024292   0x0000000a   Code   RO         1916    i.nrf_uart_event_check  nrf_drv_uart.o
    0x0002429c   0x0002429c   0x0000000c   Code   RO         1917    i.nrf_uart_event_clear  nrf_drv_uart.o
    0x000242a8   0x000242a8   0x0000000c   Code   RO         1918    i.nrf_uart_int_enable_check  nrf_drv_uart.o
    0x000242b4   0x000242b4   0x0000000a   Code   RO         1919    i.nrf_uarte_event_check  nrf_drv_uart.o
    0x000242be   0x000242be   0x0000000c   Code   RO         1920    i.nrf_uarte_event_clear  nrf_drv_uart.o
    0x000242ca   0x000242ca   0x00000002   Code   RO           16    i.nus_data_handler  main.o
    0x000242cc   0x000242cc   0x00000024   Code   RO           17    i.on_adv_evt        main.o
    0x000242f0   0x000242f0   0x000000f0   Code   RO           18    i.on_ble_evt        main.o
    0x000243e0   0x000243e0   0x0000001c   Code   RO           19    i.on_conn_params_evt  main.o
    0x000243fc   0x000243fc   0x00000084   Code   RO         1290    i.on_connected_evt  nrf_ble_gatt.o
    0x00024480   0x00024480   0x00000068   Code   RO         1291    i.on_exchange_mtu_request_evt  nrf_ble_gatt.o
    0x000244e8   0x000244e8   0x00000018   Code   RO         1684    i.pin_in_use_by_port  nrf_drv_gpiote.o
    0x00024500   0x00024500   0x00000018   Code   RO         1685    i.pin_in_use_by_te  nrf_drv_gpiote.o
    0x00024518   0x00024518   0x0000003c   Code   RO         2991    i.rtc1_stop         app_timer.o
    0x00024554   0x00024554   0x00000032   Code   RO         1922    i.rx_byte           nrf_drv_uart.o
    0x00024586   0x00024586   0x000000a2   Code   RO         1377    i.rx_char_add       ble_nus.o
    0x00024628   0x00024628   0x00000018   Code   RO         1923    i.rx_done_event     nrf_drv_uart.o
    0x00024640   0x00024640   0x00000020   Code   RO         1924    i.rx_enable         nrf_drv_uart.o
    0x00024660   0x00024660   0x000002d4   Code   RO           20    i.saadc_callback    main.o
    0x00024934   0x00024934   0x000000b4   Code   RO           21    i.saadc_init        main.o
    0x000249e8   0x000249e8   0x0000001c   Code   RO           22    i.saadc_sampling_event_enable  main.o
    0x00024a04   0x00024a04   0x00000090   Code   RO           23    i.saadc_sampling_event_init  main.o
    0x00024a94   0x00024a94   0x00000070   Code   RO         3870    i.sd_nvic_EnableIRQ  softdevice_handler.o
    0x00024b04   0x00024b04   0x00000030   Code   RO           24    i.select_mux_input  main.o
    0x00024b34   0x00024b34   0x00000088   Code   RO          981    i.service_data_encode  ble_advdata.o
    0x00024bbc   0x00024bbc   0x00000048   Code   RO         1064    i.set_adv_mode_fast  ble_advertising.o
    0x00024c04   0x00024c04   0x00000044   Code   RO         1065    i.set_adv_mode_slow  ble_advertising.o
    0x00024c48   0x00024c48   0x00000028   Code   RO           25    i.sleep_mode_enter  main.o
    0x00024c70   0x00024c70   0x00000014   Code   RO         3871    i.softdevice_app_ram_start_get  softdevice_handler.o
    0x00024c84   0x00024c84   0x00000014   Code   RO         3872    i.softdevice_ble_evt_handler_set  softdevice_handler.o
    0x00024c98   0x00024c98   0x000000f0   Code   RO         3873    i.softdevice_enable  softdevice_handler.o
    0x00024d88   0x00024d88   0x00000004   Code   RO         3874    i.softdevice_fault_handler  softdevice_handler.o
    0x00024d8c   0x00024d8c   0x00000064   Code   RO         3875    i.softdevice_handler_init  softdevice_handler.o
    0x00024df0   0x00024df0   0x0000000c   Code   RO         3876    i.softdevice_handler_is_enabled  softdevice_handler.o
    0x00024dfc   0x00024dfc   0x0000006e   Code   RO         4415    i.sqrt              m_wm.l(sqrt.o)
    0x00024e6a   0x00024e6a   0x00000002   Code   RO           26    i.timer_handler     main.o
    0x00024e6c   0x00024e6c   0x00000080   Code   RO         2992    i.timer_list_handler  app_timer.o
    0x00024eec   0x00024eec   0x0000003c   Code   RO         2993    i.timer_list_insert  app_timer.o
    0x00024f28   0x00024f28   0x00000060   Code   RO         2994    i.timer_list_remove  app_timer.o
    0x00024f88   0x00024f88   0x00000048   Code   RO         2995    i.timer_stop_op_schedule  app_timer.o
    0x00024fd0   0x00024fd0   0x00000074   Code   RO         2996    i.timer_timeouts_check  app_timer.o
    0x00025044   0x00025044   0x000000aa   Code   RO         2581    i.twi_clear_bus     nrf_drv_twi.o
    0x000250ee   0x000250ee   0x00000002   PAD
    0x000250f0   0x000250f0   0x00000240   Code   RO         2582    i.twim_xfer         nrf_drv_twi.o
    0x00025330   0x00025330   0x00000020   Code   RO         1925    i.tx_byte           nrf_drv_uart.o
    0x00025350   0x00025350   0x000000da   Code   RO         1378    i.tx_char_add       ble_nus.o
    0x0002542a   0x0002542a   0x0000001c   Code   RO         1926    i.tx_done_event     nrf_drv_uart.o
    0x00025446   0x00025446   0x00000002   PAD
    0x00025448   0x00025448   0x00000064   Code   RO           27    i.uart_event_handle  main.o
    0x000254ac   0x000254ac   0x000000a0   Code   RO         3143    i.uart_event_handler  app_uart_fifo.o
    0x0002554c   0x0002554c   0x0000011e   Code   RO         1927    i.uart_irq_handler  nrf_drv_uart.o
    0x0002566a   0x0002566a   0x000000f0   Code   RO         1928    i.uarte_irq_handler  nrf_drv_uart.o
    0x0002575a   0x0002575a   0x0000000a   Code   RO          982    i.uint16_encode     ble_advdata.o
    0x00025764   0x00025764   0x00000060   Code   RO         1157    i.update_timeout_handler  ble_conn_params.o
    0x000257c4   0x000257c4   0x00000030   Code   RO         2997    i.user_op_alloc     app_timer.o
    0x000257f4   0x000257f4   0x00000030   Code   RO          983    i.uuid_list_encode  ble_advdata.o
    0x00025824   0x00025824   0x0000009e   Code   RO          984    i.uuid_list_sized_encode  ble_advdata.o
    0x000258c2   0x000258c2   0x00000002   PAD
    0x000258c4   0x000258c4   0x0000005d   Data   RO           29    .constdata          main.o
    0x00025921   0x00025921   0x00000003   PAD
    0x00025924   0x00025924   0x00000018   Data   RO          447    .constdata          bno080.o
    0x0002593c   0x0002593c   0x00000008   Data   RO          639    .constdata          boards.o
    0x00025944   0x00025944   0x0000002c   Data   RO          759    .constdata          bsp.o
    0x00025970   0x00025970   0x00000004   Data   RO         1160    .constdata          ble_conn_params.o
    0x00025974   0x00025974   0x00000016   Data   RO         1292    .constdata          nrf_ble_gatt.o
    0x0002598a   0x0002598a   0x00000002   PAD
    0x0002598c   0x0002598c   0x00000010   Data   RO         1379    .constdata          ble_nus.o
    0x0002599c   0x0002599c   0x00000004   Data   RO         1687    .constdata          nrf_drv_gpiote.o
    0x000259a0   0x000259a0   0x00000004   Data   RO         2417    .constdata          nrf_drv_saadc.o
    0x000259a4   0x000259a4   0x0000000c   Data   RO         2587    .constdata          nrf_drv_twi.o
    0x000259b0   0x000259b0   0x00000008   Data   RO         2722    .constdata          app_button.o
    0x000259b8   0x000259b8   0x00000020   Data   RO         3145    .constdata          app_uart_fifo.o
    0x000259d8   0x000259d8   0x00000088   Data   RO         4065    .constdata          m_wm.l(pow.o)
    0x00025a60   0x00025a60   0x00000008   Data   RO         4412    .constdata          m_wm.l(qnan.o)
    0x00025a68   0x00025a68   0x00000186   Data   RO         1293    .conststring        nrf_ble_gatt.o
    0x00025bee   0x00025bee   0x00000002   PAD
    0x00025bf0   0x00025bf0   0x00000020   Data   RO         4479    Region$$Table       anon$$obj.o


    Execution Region RW_IRAM1 (Exec base: 0x200025f8, Load base: 0x00025c10, Size: 0x00001d38, Max: 0x0000da08, ABSOLUTE)

    Exec Addr    Load Addr    Size         Type   Attr      Idx    E Section Name        Object

    0x200025f8   0x00025c10   0x0000003c   Data   RW           30    .data               main.o
    0x20002634   0x00025c4c   0x00000006   Data   RW          448    .data               bno080.o
    0x2000263a   0x00025c52   0x00000002   PAD
    0x2000263c   0x00025c54   0x00000010   Data   RW          760    .data               bsp.o
    0x2000264c   0x00025c64   0x00000008   Data   RW          870    .data               bsp_btn_ble.o
    0x20002654   0x00025c6c   0x0000001f   Data   RW         1067    .data               ble_advertising.o
    0x20002673   0x00025c8b   0x00000001   PAD
    0x20002674   0x00025c8c   0x00000014   Data   RW         1161    .data               ble_conn_params.o
    0x20002688   0x00025ca0   0x00000008   Data   RW         2278    .data               nrf_drv_ppi.o
    0x20002690   0x00025ca8   0x00000014   Data   RW         2723    .data               app_button.o
    0x200026a4   0x00025cbc   0x00000014   Data   RW         2999    .data               app_timer.o
    0x200026b8   0x00025cd0   0x00000010   Data   RW         3146    .data               app_uart_fifo.o
    0x200026c8   0x00025ce0   0x00000014   Data   RW         3882    .data               softdevice_handler.o
    0x200026dc   0x00025cf4   0x00000004   Data   RW         4016    .data               system_nrf52.o
    0x200026e0   0x00025cf8   0x00000004   Data   RW         4450    .data               mc_w.l(errno.o)
    0x200026e4        -       0x000007f8   Zero   RW           28    .bss                main.o
    0x20002edc        -       0x00000020   Zero   RW          755    .bss                bsp.o
    0x20002efc        -       0x00000020   Zero   RW          756    .bss                bsp.o
    0x20002f1c        -       0x0000000c   Zero   RW          757    .bss                bsp.o
    0x20002f28        -       0x00000020   Zero   RW          758    .bss                bsp.o
    0x20002f48        -       0x000000b3   Zero   RW         1066    .bss                ble_advertising.o
    0x20002ffb   0x00025cfc   0x00000001   PAD
    0x20002ffc        -       0x00000020   Zero   RW         1158    .bss                ble_conn_params.o
    0x2000301c        -       0x0000001c   Zero   RW         1159    .bss                ble_conn_params.o
    0x20003038        -       0x00000014   Zero   RW         1453    .bss                nrf_drv_clock.o
    0x2000304c        -       0x00000058   Zero   RW         1686    .bss                nrf_drv_gpiote.o
    0x200030a4        -       0x00000020   Zero   RW         1929    .bss                nrf_drv_uart.o
    0x200030c4        -       0x0000000c   Zero   RW         2145    .bss                nrf_drv_timer.o
    0x200030d0        -       0x00000030   Zero   RW         2416    .bss                nrf_drv_saadc.o
    0x20003100        -       0x00000050   Zero   RW         2583    .bss                nrf_drv_twi.o
    0x20003150        -       0x00000020   Zero   RW         2721    .bss                app_button.o
    0x20003170        -       0x0000010c   Zero   RW         2998    .bss                app_timer.o
    0x2000327c        -       0x00000020   Zero   RW         3144    .bss                app_uart_fifo.o
    0x2000329c        -       0x0000000c   Zero   RW         3213    .bss                app_util_platform.o
    0x200032a8        -       0x00000068   Zero   RW         3290    .bss                fstorage.o
    0x20003310        -       0x0000001c   Zero   RW         3606    .bss                nrf_log_frontend.o
    0x2000332c   0x00025cfc   0x00000004   PAD
    0x20003330        -       0x00001000   Zero   RW         4004    STACK               arm_startup_nrf52.o


==============================================================================

Image component sizes


      Code (inc. data)   RO Data    RW Data    ZI Data      Debug   Object Name

       332         34          8         20         32      10362   app_button.o
        22          0          0          0          0       2325   app_error.o
        96         52          0          0          0      27469   app_error_weak.o
       118          0          0          0          0       5146   app_fifo.o
         0          0          0          0          0      20820   app_scheduler.o
      1634        122          0         20        268      48407   app_timer.o
       392         34         32         16         32      12159   app_uart_fifo.o
       124         14          0          0         12       9682   app_util_platform.o
        36          8        512          0       4096        972   arm_startup_nrf52.o
      1330          0          0          0          0      42640   ble_advdata.o
       940         66          0         31        179      15943   ble_advertising.o
       436         54          4         20         60       7060   ble_conn_params.o
       650          6         16          0          0      11074   ble_nus.o
         8          0          0          0          0       1494   ble_srv_common.o
      1360         76         24          6          0      78539   bno080.o
       318         42          8          0          0      13716   boards.o
       960         84         44         16        108      20223   bsp.o
       252         10          0          8          0      45693   bsp_btn_ble.o
        20          4          0          0        104       3900   fstorage.o
      2578        186         93         60       2040     165392   main.o
       648         32        412          0          0      32336   nrf_ble_gatt.o
       288         22          0          0         20      14384   nrf_drv_clock.o
        56          0          0          0          0      29427   nrf_drv_common.o
      1178         84          4          0         88      31004   nrf_drv_gpiote.o
       310         28          0          8          0      13409   nrf_drv_ppi.o
       828         68          4          0         48      18272   nrf_drv_saadc.o
       324         18          0          0         12      16783   nrf_drv_timer.o
      1584         48         12          0         80      29595   nrf_drv_twi.o
      2140         66          0          0         32      43265   nrf_drv_uart.o
        62          4          0          0         28       6328   nrf_log_frontend.o
       104          4          0          0          0       6761   nrf_saadc.o
       744        216          0         20          0      43311   softdevice_handler.o
       808         72          0          4          0      31067   system_nrf52.o

    ----------------------------------------------------------------------
     20718       1454       1212        232       7244     858958   Object Totals
         0          0         32          0          0          0   (incl. Generated)
        38          0          7          3          5          0   (incl. Padding)

    ----------------------------------------------------------------------

      Code (inc. data)   RO Data    RW Data    ZI Data      Debug   Library Member Name

       164         44          0          0          0        620   dunder.o
        24          0          0          0          0        124   fabs.o
        48          0          0          0          0        124   fpclassify.o
       248          0          0          0          0        152   poly.o
      3152        296        136          0          0        352   pow.o
         0          0          8          0          0          0   qnan.o
       110          0          0          0          0        148   sqrt.o
         0          0          0          0          0          0   entry.o
         0          0          0          0          0          0   entry10a.o
         0          0          0          0          0          0   entry11a.o
         4          0          0          0          0          0   entry12b.o
         8          4          0          0          0          0   entry2.o
         4          0          0          0          0          0   entry5.o
         0          0          0          0          0          0   entry7b.o
         0          0          0          0          0          0   entry8b.o
         8          4          0          0          0          0   entry9a.o
        12          6          0          4          0         68   errno.o
        30          0          0          0          0          0   handlers.o
        36          8          0          0          0         68   init.o
         0          0          0          0          0          0   iusefp.o
        30          0          0          0          0         68   llshl.o
        36          0          0          0          0         68   llsshr.o
        32          0          0          0          0         68   llushr.o
        36          0          0          0          0         68   memcpya.o
        36          0          0          0          0        108   memseta.o
        98          0          0          0          0         92   uldiv.o
        48          0          0          0          0         68   cdrcmple.o
        56          0          0          0          0         88   d2f.o
       334          0          0          0          0        148   dadd.o
       222          0          0          0          0        100   ddiv.o
       186          0          0          0          0        176   depilogue.o
        34          0          0          0          0         76   dflti.o
       228          0          0          0          0         96   dmul.o
        46          0          0          0          0         80   dscalb.o
       162          0          0          0          0        100   dsqrt.o
        38          0          0          0          0         68   f2d.o
       110          0          0          0          0        168   fepilogue.o

    ----------------------------------------------------------------------
      5590        362        144          4          0       3296   Library Totals
        10          0          0          0          0          0   (incl. Padding)

    ----------------------------------------------------------------------

      Code (inc. data)   RO Data    RW Data    ZI Data      Debug   Library Name

      3746        340        144          0          0       1520   m_wm.l
       370         22          0          4          0        608   mc_w.l
      1464          0          0          0          0       1168   mf_w.l

    ----------------------------------------------------------------------
      5590        362        144          4          0       3296   Library Totals

    ----------------------------------------------------------------------

==============================================================================


      Code (inc. data)   RO Data    RW Data    ZI Data      Debug   

     26308       1816       1356        236       7244     836226   Grand Totals
     26308       1816       1356        236       7244     836226   ELF Image Totals
     26308       1816       1356        236          0          0   ROM Totals

==============================================================================

    Total RO  Size (Code + RO Data)                27664 (  27.02kB)
    Total RW  Size (RW Data + ZI Data)              7480 (   7.30kB)
    Total ROM Size (Code + RO Data + RW Data)      27900 (  27.25kB)

==============================================================================

