<html>
<body>
<pre>
<h1>µVision Build Log</h1>
<h2>Tool Versions:</h2>
IDE-Version: •ÏVision V5.33.0.0
Copyright (C) 2020 ARM Ltd and ARM Germany GmbH. All rights reserved.
License Information: Seungwoo Son, Korea University, LIC=----
 
Tool Versions:
Toolchain:       MDK-Lite  Version: 5.33.0.0
Toolchain Path:  C:\Keil_v5\ARM\ARMCC\Bin
C Compiler:      Armcc.exe V5.06 update 7 (build 960)
Assembler:       Armasm.exe V5.06 update 7 (build 960)
Linker/Locator:  ArmLink.exe V5.06 update 7 (build 960)
Library Manager: ArmAr.exe V5.06 update 7 (build 960)
Hex Converter:   FromElf.exe V5.06 update 7 (build 960)
CPU DLL:         SARMCM3.DLL V5.33.0.0
Dialog DLL:      DCM.DLL V1.17.3.0
Target DLL:      Segger\JL2CM3.dll V2.99.38.0
Dialog DLL:      TCM.DLL V1.48.0.0
 
<h2>Project:</h2>
C:\Users\sonse\OneDrive\πŸ≈¡ »≠∏È\Projects\nordicNrf\SDK13.0.0\nRF5SDK1300\examples\peripheral\fast_smart_glove\pca10040\s132\arm5_no_packs\ble_app_uart_pca10040_s132.uvprojx
Project File Date:  07/11/2021

<h2>Output:</h2>
*** Using Compiler 'V5.06 update 7 (build 960)', folder: 'C:\Keil_v5\ARM\ARMCC\Bin'
Build target 'nrf52832_xxaa'
compiling main.c...
linking...
Program Size: Code=26352 RO-data=1360 RW-data=236 ZI-data=7244  
FromELF: creating hex file...
".\_build\nrf52832_xxaa.axf" - 0 Error(s), 0 Warning(s).

<h2>Software Packages used:</h2>

Package Vendor: ARM
                http://www.keil.com/pack/ARM.CMSIS.4.5.0.pack
                ARM.CMSIS.4.5.0
                CMSIS (Cortex Microcontroller Software Interface Standard)
   * Component: CORE Version: 4.3.0

Package Vendor: NordicSemiconductor
                http://developer.nordicsemi.com/nRF5_SDK/pieces/nRF_DeviceFamilyPack/NordicSemiconductor.nRF_DeviceFamilyPack.8.12.0.pack
                NordicSemiconductor.nRF_DeviceFamilyPack.8.12.0
                Nordic Semiconductor nRF ARM devices Device Family Pack.
   * Component: Startup Version: 8.12.0

<h2>Collection of Component include folders:</h2>
  .\RTE\_nrf52832_xxaa
  C:\Users\sonse\AppData\Local\Arm\Packs\ARM\CMSIS\4.5.0\CMSIS\Include
  C:\Users\sonse\AppData\Local\Arm\Packs\NordicSemiconductor\nRF_DeviceFamilyPack\8.12.0\Device\Include

<h2>Collection of Component Files used:</h2>

   * Component: ARM::CMSIS:CORE:4.3.0

   * Component: NordicSemiconductor::Device:Startup:8.12.0
      Source file:   Device\Source\arm\arm_startup_nrf52.s
      Include file:  Device\Include\system_nrf52.h
      Source file:   Device\Source\system_nrf52.c
Build Time Elapsed:  00:00:02
</pre>
</body>
</html>
